[pv3d.org/index.html]
[backblue.gif]
[fade.gif]
[index.html]
[pv3d.org/xmlrpc.php]
[pv3d.org/favicon.ico]
[pv3d.org/xmlrpc0db0.php]
[disqus.com/stylesheets/pv3d/disqus3661.css]
[pv3d.org/wp-content/plugins/wp-polls/images/default/pollbg.gif]
[pv3d.org/logo.png]
[dl.dropbox.com/u/132579/sites/pv3d.org/tutorials/signals/play.jpg]
[www.feedburner.com/fb/images/pub/feed-icon16x16.png]
[dl.getdropbox.com/u/132579/sites/pv3d.org/images/Twitter-16x16.png]
[pv3d.org/about/index.html]
[forum.papervision3d.org/images/favicon_blue.gif]
[pv3d.org/docs/index.html]
[widgets.amung.us/map.js]
[pv3d.org/wp-content/plugins/wp-polls/images/loading.gif]
[pv3d.org/faq/index.html]
[pv3d.org/requests/index.html]
[pv3d.org/category/announcements/index.html]
[pv3d.org/sitemap/index.html]
[pv3d.org/index.html]
[pv3d.org/2010/05/25/moving-to-johnlindquist-com/index.html]
[pv3d.org/category/examples/index.html]
[pv3d.org/wp-content/themes/demar/style.css]
[pv3d.org/category/actionscript-3/index.html]
[pv3d.org/category/tutorials/index.html]
[pv3d.org/feed/index.html]
[pv3d.org/category/videos/index.html]
[pv3d.org/wp-content/plugins/wp-polls/polls-css59c7.css]
[pv3d.org/page/2/index.html]
[pv3d.org/2010/03/13/fdt-super-awesome-march-deal/index.html]
[pv3d.org/2010/01/15/preferred-video-tutorial-resolution/index.html]
[pv3d.org/wp-content/plugins/shadowbox-js/shadowbox/shadowboxccfb.css]
[pv3d.org/2009/12/18/tweenmax-tweening-a-timeline-advanced-tweening/index.html]
[pv3d.org/2009/12/12/robotlegs-flight-union-platform/index.html]
[pv3d.org/2009/12/08/back-in-the-saddle/index.html]
[pv3d.org/wp-content/plugins/shadowbox-js/css/extras2127.css]
[pv3d.org/2009/11/21/eclipse-theme-designer-preview/index.html]
[pv3d.org/wp-content/plugins/google-analyticator/external-tracking.min7923.js]
[pv3d.org/2009/08/07/efflex-3d-effects-for-flex/index.html]
[pv3d.org/2008/12/20/papervision3d-with-box2dflash-hello-world/comment-page-1/index.html]
[pv3d.org/2009/07/03/morphcontroller-mighty-morphing-papervision3d/index.html]
[pv3d.org/requests/comment-page-5/index.html]
[pv3d.org/wp-content/plugins/wp-syntax/wp-syntax.css]
[pv3d.org/2009/03/12/augmented-reality-flartoolkit-demo-reel/comment-page-1/index.html]
[pv3d.org/2009/12/18/tweenmax-tweening-a-timeline-advanced-tweening/comment-page-2/index.html]
[pv3d.org/2009/08/07/efflex-3d-effects-for-flex/comment-page-1/index.html]
[pv3d.org/wp-content/plugins/disqus-comment-system/xd_receiver.htm]
[pv3d.org/2009/03/12/augmented-reality-recursive-webcam/comment-page-3/index.html]
[pv3d.org/2009/07/01/test-if-a-plane-is-within-the-view-of-the-camera-aka-testing-if-culled/comment-page-1/index.html]
[pv3d.disqus.com/disqus18ab.js]
[pv3d.org/about/index.html]
[pv3d.org/2009/07/01/maya-texture-baking/comment-page-1/index.html]
[pv3d.org/category/flex/index.html]
[pv3d.org/category/requests/index.html]
[pv3d.org/category/how-it-works/index.html]
[pv3d.org/category/roundarch/index.html]
[pv3d.disqus.com/disqusd042.js]
[pv3d.org/docs/index.html]
[pv3d.org/category/snippets/index.html]
[pv3d.org/2010/05/index.html]
[pv3d.org/2010/04/index.html]
[pv3d.disqus.com/disqus8f4f.js]
[pv3d.org/2010/03/index.html]
[pv3d.org/requests/index.html]
[pv3d.org/2010/01/index.html]
[pv3d.org/2009/12/index.html]
[pv3d.org/2009/11/index.html]
[pv3d.disqus.com/disqusb70a.js]
[pv3d.org/faq/index.html]
[pv3d.org/2009/08/index.html]
[pv3d.org/2009/07/index.html]
[pv3d.org/2009/06/index.html]
[pv3d.disqus.com/disqus5ec8.js]
[pv3d.org/2009/05/index.html]
[pv3d.org/sitemap/index.html]
[pv3d.org/2009/04/index.html]
[pv3d.org/2009/02/index.html]
[pv3d.org/2009/03/index.html]
[pv3d.org/2009/01/index.html]
[pv3d.org/2008/12/index.html]
[pv3d.disqus.com/disqusda74.js]
[pv3d.org/2010/05/25/moving-to-johnlindquist-com/index.html]
[pv3d.org/2008/11/index.html]
[dl.dropbox.com/u/132579/pictures/scooter.1b.delayed]
[pv3d.org/category/announcements/index.html]
[pv3d.org/2008/12/06/what-is-basicview/index.html]
[pv3d.org/2009/06/10/peer-to-peer-in-flash-player-10-by-danny-patterson/index.html]
[pv3d.org/fdt-theme-designer/index.html]
[files.getdropbox.com/u/132579/sites/pv3d.org/examples/dae/MightyMorphingPapervision3D.jpg]
[pv3d.org/2009/05/16/the-spotlight-effect-dimming-the-unselected/index.html]
[pv3d.org/category/examples/index.html]
[pv3d.org/2009/02/20/actionscript-3-command-pattern-and-interfaces/index.html]
[pv3d.org/2009/02/11/actionscript-3-model-view-controller-mvc/index.html]
[pv3d.org/2009/01/28/actionscript-3-public-internal-protected-private/index.html]
[dl.dropbox.com/u/132579/sites/pv3d.org/tutorials/haxe/play.jpg]
[pv3d.org/2009/07/01/end-dump/index.html]
[pv3d.org/category/actionscript-3/index.html]
[pv3d.org/2009/07/01/workshop-video-and-example-dump/index.html]
[pv3d.org/2009/06/28/3d-math-book-recommendation/index.html]
[pv3d.org/2009/06/27/heading-to-new-york-brb/index.html]
[dl.dropbox.com/u/132579/pictures/rl-header-logo-310-253.1e.delayed]
[pv3d.org/2009/06/24/launching-flex4org/index.html]
[pv3d.org/category/tutorials/index.html]
[pv3d.org/2009/06/02/big-and-small/index.html]
[pv3d.org/category/videos/index.html]
[pv3d.org/2009/04/21/training-in-san-francisco/index.html]
[pv3d.org/2009/04/17/vote-in-the-best-augmented-reality-competition/index.html]
[pv3d.org/2009/04/15/hired/index.html]
[pv3d.org/2009/04/02/poisson-davril/index.html]
[pv3d.disqus.com/disqus6fe7.js]
[pv3d.org/2010/03/13/fdt-super-awesome-march-deal/index.html]
[pv3d.org/2009/04/01/blogging-in-french/index.html]
[pv3d.org/2009/03/20/laid-off/index.html]
[pv3d.org/page/2/index.html]
[pv3d.org/2009/03/09/the-return-of-the-forums/index.html]
[pv3d.org/2009/03/05/3d-modeling-tutorials/index.html]
[pv3d.org/2009/02/19/server-woes-and-forum-status/index.html]
[pv3d.org/2009/02/28/packing-for-chicago/index.html]
[pv3d.org/2009/02/04/getting-started-with-papervision3d/index.html]
[pv3d.org/2009/01/21/training-in-chicago/index.html]
[pv3d.disqus.com/disqus3e55.js]
[pv3d.org/2009/01/19/forums/index.html]
[pv3d.org/2009/01/13/updated-swc-and-zip-rev-859/index.html]
[pv3d.org/2010/01/15/preferred-video-tutorial-resolution/index.html]
[pv3d.org/2009/01/13/jiglibflash-3d-physics-engine/index.html]
[pv3d.org/2008/12/11/hosting-problems/index.html]
[pv3d.org/2008/12/21/swc-and-zip-updated-to-revision-851/index.html]
[pv3d.org/2008/12/09/papervision3d-wins-net-magazine-2008-innovation-of-the-year/index.html]
[pv3d.org/2008/12/08/papervision3d-now-includes-vectorvision/index.html]
[pv3d.disqus.com/disqusdc69.js]
[pv3d.org/2009/12/18/tweenmax-tweening-a-timeline-advanced-tweening/index.html]
[pv3d.org/2008/12/04/updated-downloads/index.html]
[pv3d.org/2008/11/07/third-times-the-charm/index.html]
[pv3d.org/2009/07/01/test-if-a-plane-is-within-the-view-of-the-camera-aka-testing-if-culled/index.html]
[pv3d.org/2009/07/01/materials-reference/index.html]
[pv3d.disqus.com/disqus7897.js]
[pv3d.org/2009/12/12/robotlegs-flight-union-platform/index.html]
[pv3d.org/2009/07/01/perlin-blob/index.html]
[pv3d.org/2009/07/01/dynamic-text-on-a-plane/index.html]
[pv3d.org/2009/05/27/calculatemultiply3x3/index.html]
[pv3d.org/2009/05/26/tweening-movef/index.html]
[pv3d.org/2009/05/25/holy-sphere/index.html]
[pv3d.org/2009/05/24/moving-faces/index.html]
[pv3d.disqus.com/disqus3bfd.js]
[pv3d.org/2009/12/08/back-in-the-saddle/index.html]
[pv3d.org/2009/05/23/moving-a-texture-inside-of-a-plane/index.html]
[pv3d.org/2009/04/14/theres-more-than-one-way-to-skin-a-scrollbar/index.html]
[pv3d.org/2009/04/09/sliced-cube/index.html]
[pv3d.org/2009/04/08/full-screen-cube/index.html]
[pv3d.org/2009/04/05/sliced-plane/index.html]
[pv3d.disqus.com/disqus5b9d.js]
[pv3d.org/2009/11/21/eclipse-theme-designer-preview/index.html]
[pv3d.org/2009/03/31/twitter-papervision3d-using-tweetr/index.html]
[pv3d.org/2009/03/31/using-a-flex-component-as-a-material/index.html]
[pv3d.org/2009/03/31/using-the-viewport-for-interactivity/index.html]
[pv3d.org/2009/03/30/renderlayers-selective-rendering/index.html]
[pv3d.org/2009/03/12/augmented-reality-recursive-webcam/index.html]
[pv3d.org/2009/03/17/mxml-without-the-flex-framework/index.html]
[pv3d.disqus.com/disqus601d.js]
[pv3d.org/2009/08/07/efflex-3d-effects-for-flex/index.html]
[pv3d.org/2009/03/12/augmented-reality-flartoolkit-demo-reel/index.html]
[pv3d.org/2009/03/10/particle-orbiting/index.html]
[pv3d.org/2009/03/06/localserviceconnection-flashlcs-dem/index.html]
[pv3d.disqus.com/disqus9f09.js]
[pv3d.org/2009/03/03/thanks-chicago-this-ones-for-you/index.html]
[pv3d.org/2009/07/03/morphcontroller-mighty-morphing-papervision3d/index.html]
[pv3d.org/2009/02/27/text-layout-framework-presentation/index.html]
[pv3d.org/2009/02/26/text-layout-framework-examples/index.html]
[pv3d.org/2009/02/25/memento-pattern-recording-state/index.html]
[pv3d.org/2009/02/24/command-pattern-queuing-commands/index.html]
[dl.getdropbox.com/u/132579/sites/pv3d.org/examples/physics/Box2DFlashWithPapervision3D.png]
[pv3d.org/2009/02/23/command-pattern-undo-and-command-stack/index.html]
[pv3d.org/2009/02/18/as3-binding-without-the-flex-framework/index.html]
[pv3d.org/2009/02/17/ribbons/index.html]
[pv3d.disqus.com/disqus7bbf.js]
[pv3d.org/2008/12/20/papervision3d-with-box2dflash-hello-world/comment-page-1/index.html]
[pv3d.org/2009/02/16/carousel-with-forward-facing-planes/index.html]
[pv3d.org/requests/comment-page-5/index.html]
[pv3d.org/2009/02/03/internal-carousel/index.html]
[pv3d.org/2009/02/01/3d-grid/index.html]
[pv3d.org/2009/02/01/grid/index.html]
[pv3d.org/2009/01/31/stacked-planes/index.html]
[pv3d.org/2009/01/31/flover-cow-aka-cover-flow-knockoff/index.html]
[pv3d.disqus.com/disqus71b0.js]
[pv3d.org/2009/03/12/augmented-reality-flartoolkit-demo-reel/comment-page-1/index.html]
[pv3d.org/2009/01/23/springcamera3d-and-driving-a-car/index.html]
[pv3d.org/2009/01/15/dragging-an-object-to-rotate/index.html]
[pv3d.org/2009/01/15/rolling-a-sphere-with-keyboard-and-box2dflash-physics/index.html]
[pv3d.org/2009/12/18/tweenmax-tweening-a-timeline-advanced-tweening/comment-page-2/index.html]
[pv3d.org/2009/01/14/rolling-a-sphere-with-the-keyboard/index.html]
[pv3d.org/2009/01/08/as3dmod-taper/index.html]
[pv3d.org/2009/01/11/tweening-rotated-planes-to-you/index.html]
[pv3d.org/2009/08/07/efflex-3d-effects-for-flex/comment-page-1/index.html]
[pv3d.org/2009/01/07/as3dmod-perlin-noise/index.html]
[pv3d.org/2009/01/06/as3dmod-twist/index.html]
[pv3d.org/2009/01/05/looking-around-the-inside-of-a-sphere/index.html]
[pv3d.org/2009/01/03/tweening-the-camera-and-tweening-lookat/index.html]
[pv3d.org/2009/01/02/cube-inside-faces-and-outside-faces/index.html]
[pv3d.disqus.com/disqusf164.js]
[pv3d.org/2009/03/12/augmented-reality-recursive-webcam/comment-page-3/index.html]
[pv3d.org/2008/12/31/happy-new-year/index.html]
[pv3d.org/2008/12/28/click-then-tween-camera-to-plane/index.html]
[pv3d.org/2008/12/26/switching-a-moviematerial-on-the-face-of-a-cube-replacematerialbyname/index.html]
[pv3d.org/2008/12/24/merry-christmas/index.html]
[pv3d.org/2008/12/22/flint-pixels-2-random-drift-and-rotate-emitter/index.html]
[files.getdropbox.com/u/132579/sites/pv3d.org/examples/camera/TestIfCulled.jpg]
[pv3d.org/2008/12/22/papervision3d-with-box2dflash-part-4-distance-joint/index.html]
[pv3d.org/2008/12/22/flint-pixels/index.html]
[pv3d.org/2008/12/21/papervision3d-with-as3dmod-hello-world-example/index.html]
[pv3d.disqus.com/disqus7c9d.js]
[pv3d.org/2009/07/01/test-if-a-plane-is-within-the-view-of-the-camera-aka-testing-if-culled/comment-page-1/index.html]
[pv3d.org/2008/12/20/cube-with-different-sides-materialslist/index.html]
[pv3d.org/2008/12/20/papervision3d-with-box2dflash-part-2/index.html]
[pv3d.org/2008/12/20/papervision3d-with-box2dflash-part-3-adding-mouse-interaction/index.html]
[pv3d.org/2008/12/20/papervision3d-with-box2dflash-hello-world/index.html]
[pv3d.disqus.com/disqus0d57.js]
[pv3d.org/2009/07/01/maya-texture-baking/comment-page-1/index.html]
[pv3d.org/2008/12/19/shaders-shadedmaterial-example/index.html]
[pv3d.org/category/flex/index.html]
[pv3d.org/2008/12/19/dragging-planes-and-lookat-camera/index.html]
[pv3d.org/2008/12/15/flint-particle-system-with-papervision3d/index.html]
[pv3d.org/2008/12/13/trianglemesh3d-create-your-own-mesh/index.html]
[pv3d.org/2008/12/13/swapping-materials-on-faces/index.html]
[pv3d.org/2008/12/12/per-face-material/index.html]
[dl.getdropbox.com/u/132579/sites/pv3d.org/howitworks/SlerpExplorer.png]
[pv3d.org/2008/12/09/portal/index.html]
[pv3d.org/2008/12/11/swapping-a-plane-with-a-movieclip/index.html]
[pv3d.org/2008/12/09/dragging-spheres/index.html]
[dl.getdropbox.com/u/132579/sites/pv3d.org/howitworks/QuaternionExplorer.png]
[pv3d.org/2008/12/08/vectorvision-hello-world/index.html]
[pv3d.org/2008/12/07/using-a-viewport-as-a-mask/index.html]
[dl.getdropbox.com/u/132579/sites/pv3d.org/examples/geometry/TriangleMesh3DExample.30.delayed]
[pv3d.org/2008/12/07/collada-with-cellshader-and-pointlight3d/index.html]
[pv3d.org/category/how-it-works/index.html]
[dl.getdropbox.com/u/132579/sites/pv3d.org/examples/dataStructures/FloverCow.31.delayed]
[dl.getdropbox.com/u/132579/sites/pv3d.org/examples/drag/DraggingPlanes.png]
[pv3d.org/2008/12/02/plane-with-two-different-sides/index.html]
[pv3d.org/2008/12/01/the-strategy-pattern-changing-behavior/index.html]
[pv3d.org/2008/12/01/bitmapviewportmaterial-example/index.html]
[dl.getdropbox.com/u/132579/sites/pv3d.org/examples/materials/ShadersExample.33.delayed]
[pv3d.org/category/requests/index.html]
[dl.getdropbox.com/u/132579/sites/pv3d.org/ra_logo.png]
[pv3d.org/category/roundarch/index.html]
[pv3d.org/2008/11/29/using-slerp-to-move-around-a-sphere/index.html]
[pv3d.org/2008/11/27/plane3d-intersect-poin/index.html]
[pv3d.org/2008/11/26/dancing-spheres/index.html]
[pv3d.org/2008/11/26/the-state-pattern-source-files/index.html]
[dl.getdropbox.com/u/132579/sites/pv3d.org/examples/carousel/CarouselWithForwardPlanes.JPG]
[pv3d.org/2008/11/25/mouse-follower/index.html]
[pv3d.org/2008/11/24/drag-and-release/index.html]
[pv3d.org/category/snippets/index.html]
[pv3d.org/2008/11/21/following-line/index.html]
[pv3d.org/2008/11/20/viewportlayer-and-sortmode-index-vs-z/index.html]
[pv3d.org/2008/11/21/camera-free-vs-target/index.html]
[pv3d.org/2010/05/index.html]
[pv3d.org/2008/11/19/mouse3d-moving-light/index.html]
[pv3d.org/2010/04/index.html]
[pv3d.org/2008/11/19/fireball/index.html]
[pv3d.org/2008/11/19/bumpmap-using-envmapmaterial/index.html]
[pv3d.org/2008/11/19/switching-parents-at-runtime/index.html]
[pv3d.org/2010/03/index.html]
[pv3d.org/2008/11/19/dragging-mouse-for-camera-orbit/index.html]
[pv3d.org/2008/11/18/showing-the-hand-cursor-on-a-plane/index.html]
[pv3d.org/2008/11/18/vectors-show-length-and-direction/index.html]
[pv3d.org/2010/01/index.html]
[pv3d.org/2008/11/18/points-along-a-displacement-vector/index.html]
[pv3d.org/2008/11/18/fun-with-pixel3d-and-vertex3d/index.html]
[pv3d.org/2009/12/index.html]
[pv3d.org/2008/11/17/finding-2d-vertices-in-a-displayobject3d/index.html]
[pv3d.org/2008/11/17/finding-2d-coordinates/index.html]
[pv3d.org/2009/06/23/flex-4-layouts-and-groups/index.html]
[pv3d.org/2008/11/08/trail/index.html]
[pv3d.org/2009/11/index.html]
[pv3d.org/2009/06/22/flex-4-states/index.html]
[pv3d.org/2008/12/30/slerp-explorer/index.html]
[pv3d.org/2009/08/index.html]
[pv3d.org/2008/12/29/quaternion-explorer/index.html]
[pv3d.org/2008/12/07/animating-a-collada-file-from-3ds-max/index.html]
[pv3d.org/2008/11/24/understanding-papervision3d-matrix3d/index.html]
[pv3d.org/2009/07/index.html]
[pv3d.org/2009/03/18/papervision3d-in-mxml/index.html]
[pv3d.org/2008/11/30/distance-between-two-number3ds/index.html]
[pv3d.org/2009/06/index.html]
[pv3d.org/2008/11/29/distance-to-mouse-using-a-dummy-3d-object/index.html]
[pv3d.org/2008/11/29/adding-a-basicview-to-a-flex-uicomponent/index.html]
[pv3d.org/2008/11/29/distance-from-mouse-using-screen-coordinates/index.html]
[pv3d.org/2008/11/26/glow-filter-on-a-viewportlayer/index.html]
[pv3d.org/2008/11/21/waiting-for-a-image-to-load/index.html]
[pv3d.org/2008/11/18/points-along-a-displacement-vector-part-2/index.html]
[dl.getdropbox.com/u/132579/sites/pv3d.org/examples/matrix/CalculateMultiply3x3.jpg]
[pv3d.org/2009/07/01/maya-texture-baking/index.html]
[pv3d.org/2009/07/01/creating-a-custom-vectorvision-font/index.html]
[pv3d.org/2009/06/13/how-to-click-on-stuff-in-papervision3d-viewport-viewportlayers-interactivescene3devent-mouse3d-and-moviematerial-buttons/index.html]
[dl.getdropbox.com/u/132579/sites/pv3d.org/examples/tween/TweeningMoveForward.png]
[pv3d.org/2009/04/06/download-source/index.html]
[pv3d.org/2008/12/04/3ds-max-texture-baking-for-papervision3d/index.html]
[pv3d.org/2010/05/25/moving-to-johnlindquist-com/feed/index.html]
[dl.getdropbox.com/u/132579/sites/pv3d.org/examples/geometry/HolySphere.jpg]
[dl.getdropbox.com/u/132579/sites/pv3d.org/examples/geometry/MovingFaces.png]
[pv3d.org/2009/05/index.html]
[pv3d.org/2010/05/19/index.html]
[pv3d.org/2010/05/25/index.html]
[pv3d.org/category/announcements/feed/index.html]
[wwwimages.adobe.com/www.adobe.com/images/shared/download_buttons/get_flash_player.gif]
[pv3d.org/2009/04/index.html]
[pv3d.org/category/examples/feed/index.html]
[dl.getdropbox.com/u/132579/sites/pv3d.org/examples/twitter/TweerDemo.jpg]
[pv3d.org/tag/tweenmax/index.html]
[pv3d.org/tag/collada/index.html]
[pv3d.org/tag/dae/index.html]
[dl.getdropbox.com/u/132579/sites/pv3d.org/examples/flex/Papervision3DWithFlexComponent.jpg]
[pv3d.org/category/announcements/page/2/index.html]
[pv3d.org/tag/morphcontroller/index.html]
[dl.getdropbox.com/u/132579/sites/pv3d.org/examples/interactivity/AlternateInteractivity.jpg]
[pv3d.org/category/examples/page/2/index.html]
[pv3d.org/category/actionscript-3/feed/index.html]
[dl.getdropbox.com/u/132579/sites/pv3d.org/examples/viewportLayers/RenderLayers.jpg]
[pv3d.org/category/actionscript-3/page/2/index.html]
[pv3d.org/2009/03/index.html]
[pv3d.org/category/tutorials/feed/index.html]
[pv3d.org/category/tutorials/page/2/index.html]
[pv3d.org/category/videos/feed/index.html]
[pv3d.org/2010/03/13/fdt-super-awesome-march-deal/feed/index.html]
[pv3d.org/category/videos/page/2/index.html]
[dl.getdropbox.com/u/132579/sites/pv3d.org/textlayoutframework/TextLayoutFrameworkLesson.png]
[pv3d.org/2010/03/13/index.html]
[pv3d.org/2010/01/15/preferred-video-tutorial-resolution/feed/index.html]
[pv3d.org/page/3/index.html]
[dl.getdropbox.com/u/132579/sites/pv3d.org/designpatterns/mementopattern/MementoPattern.png]
[pv3d.org/2009/02/index.html]
[dl.getdropbox.com/u/132579/sites/pv3d.org/examples/dataStructures/StackedPlanes.jpg]
[pv3d.org/2010/01/15/index.html]
[pv3d.org/2009/01/index.html]
[pv3d.org/2010/01/21/index.html]
[pv3d.org/2009/12/18/tweenmax-tweening-a-timeline-advanced-tweening/feed/index.html]
[dl.getdropbox.com/u/132579/sites/pv3d.org/examples/fun/HappyNewYear.png]
[pv3d.org/2010/01/27/index.html]
[dl.getdropbox.com/u/132579/sites/pv3d.org/examples/tween/TweenToSpatialPlanes.jpg]
[pv3d.org/2008/12/index.html]
[pv3d.org/2009/12/08/index.html]
[pv3d.org/2009/12/12/index.html]
[dl.getdropbox.com/u/132579/sites/pv3d.org/examples/rotation/QuaternionExample.png]
[pv3d.org/2009/12/18/index.html]
[pv3d.org/2009/12/12/robotlegs-flight-union-platform/feed/index.html]
[dl.getdropbox.com/u/132579/sites/pv3d.org/examples/math/Slerp.png]
[pv3d.org/2008/11/index.html]
[cdn.tynt.com/tc.js]
[pv3d.org/2009/11/18/index.html]
[pv3d.org/amung.us/map.48.delayed]
[widgets.amung.us/map.js]
[pv3d.org/2009/11/21/index.html]
[pv3d.org/2009/08/07/efflex-3d-effects-for-flex/feed/index.html]
[pv3d.org/wp-content/plugins/wp-polls/polls-js59c7.js]
[pv3d.org/wp-content/plugins/shadowbox-js/shadowbox/shadowbox6aec.js]
[pv3d.org/2009/08/07/index.html]
[pv3d.org/2009/07/03/morphcontroller-mighty-morphing-papervision3d/feed/index.html]
[pv3d.org/2009/08/28/index.html]
[pv3d.org/about/feed/index.html]
[pv3d.org/2009/07/01/index.html]
[pv3d.org/2009/07/03/index.html]
[pv3d.org/2008/12/20/papervision3d-with-box2dflash-hello-world/feed/index.html]
[pv3d.org/wp-content/plugins/disqus-comment-system/xd_receiver.htm]
[pv3d.org/docs/feed/index.html]
[pv3d.org/requests/feed/index.html]
[pv3d.org/tag/box2dflash/index.html]
[pv3d.org/tag/physics/index.html]
[pv3d.org/2008/12/02/index.html]
[pv3d.org/2008/12/01/index.html]
[pv3d.org/2008/12/04/index.html]
[pv3d.org/2008/12/06/index.html]
[pv3d.org/faq/feed/index.html]
[pv3d.org/2008/12/07/index.html]
[pv3d.org/2008/12/08/index.html]
[pv3d.org/2008/12/09/index.html]
[pv3d.org/2008/12/11/index.html]
[pv3d.org/2008/12/12/index.html]
[pv3d.disqus.com/disqus9f46.js]
[pv3d.org/2008/12/13/index.html]
[pv3d.org/2008/12/06/what-is-basicview/index.html]
[pv3d.org/2008/12/15/index.html]
[pv3d.org/sitemap/feed/index.html]
[pv3d.org/2008/12/19/index.html]
[pv3d.org/2008/12/21/index.html]
[pv3d.org/2008/12/20/index.html]
[pv3d.org/2008/12/22/index.html]
[pv3d.org/2008/12/24/index.html]
[pv3d.org/2008/12/26/index.html]
[pv3d.org/2008/12/28/index.html]
[pv3d.disqus.com/disqus4274.js]
[pv3d.org/fdt-theme-designer/index.html]
[pv3d.org/2008/12/29/index.html]
[pv3d.org/2009/03/12/augmented-reality-flartoolkit-demo-reel/feed/index.html]
[pv3d.org/2008/12/30/index.html]
[pv3d.org/2008/12/31/index.html]
[pv3d.org/2009/03/03/index.html]
[pv3d.disqus.com/disqusc79f.js]
[pv3d.org/tag/flartoolkit/index.html]
[pv3d.org/2009/06/10/peer-to-peer-in-flash-player-10-by-danny-patterson/index.html]
[pv3d.org/2009/03/06/index.html]
[pv3d.org/2009/03/05/index.html]
[dl.getdropbox.com/u/132579/sites/pv3d.org/examples/as3/Spotlight.png]
[pv3d.disqus.com/disqusb594.js]
[pv3d.org/2009/05/16/the-spotlight-effect-dimming-the-unselected/index.html]
[pv3d.org/2009/03/09/index.html]
[pv3d.org/2009/03/10/index.html]
[pv3d.org/2009/03/12/index.html]
[pv3d.org/2009/03/18/index.html]
[pv3d.org/2009/03/17/index.html]
[pv3d.disqus.com/disquse2dc.js]
[pv3d.org/2009/03/20/index.html]
[pv3d.org/2009/02/20/actionscript-3-command-pattern-and-interfaces/index.html]
[pv3d.org/2009/03/30/index.html]
[pv3d.org/2009/03/31/index.html]
[pv3d.org/2009/03/12/augmented-reality-recursive-webcam/feed/index.html]
[pv3d.disqus.com/disqus0876.js]
[pv3d.org/2009/02/11/actionscript-3-model-view-controller-mvc/index.html]
[pv3d.org/2009/07/01/test-if-a-plane-is-within-the-view-of-the-camera-aka-testing-if-culled/feed/index.html]
[pv3d.org/tag/augmented-reality/index.html]
[pv3d.disqus.com/disqus2390.js]
[pv3d.org/2009/01/28/actionscript-3-public-internal-protected-private/index.html]
[pv3d.org/tag/culling/index.html]
[pv3d.org/2009/07/01/maya-texture-baking/feed/index.html]
[pv3d.org/tag/camera/index.html]
[pv3d.disqus.com/disqus9af2.js]
[pv3d.org/2009/07/01/end-dump/index.html]
[pv3d.org/tag/maya/index.html]
[pv3d.org/tag/texture-baking/index.html]
[pv3d.org/category/flex/feed/index.html]
[pv3d.disqus.com/disqus777b.js]
[pv3d.org/2009/07/01/workshop-video-and-example-dump/index.html]
[pv3d.org/tag/flex/index.html]
[pv3d.org/tag/state/index.html]
[pv3d.org/category/how-it-works/feed/index.html]
[pv3d.disqus.com/disqusd7c2.js]
[pv3d.org/tag/quaternion/index.html]
[pv3d.org/2009/06/28/3d-math-book-recommendation/index.html]
[pv3d.org/tag/slerp/index.html]
[pv3d.org/tag/trianglemesh3d/index.html]
[pv3d.org/tag/triangle3d/index.html]
[pv3d.org/tag/vertex3d/index.html]
[pv3d.disqus.com/disqus57a6.js]
[pv3d.org/2009/06/27/heading-to-new-york-brb/index.html]
[pv3d.org/category/how-it-works/page/2/index.html]
[pv3d.org/tag/basics/index.html]
[pv3d.org/category/requests/feed/index.html]
[pv3d.org/tag/data-structures/index.html]
[pv3d.disqus.com/disqus3dee.js]
[pv3d.org/2009/06/24/launching-flex4org/index.html]
[pv3d.org/tag/interactive/index.html]
[pv3d.org/tag/drag/index.html]
[pv3d.org/tag/material/index.html]
[pv3d.org/tag/shader/index.html]
[farm4.static.flickr.com/3327/3580077528_0c0b823da0_o.jpg]
[pv3d.org/category/roundarch/feed/index.html]
[pv3d.org/category/requests/page/2/index.html]
[pv3d.disqus.com/disqus363b.js]
[pv3d.org/2009/06/02/big-and-small/index.html]
[pv3d.org/category/snippets/feed/index.html]
[pv3d.org/tag/mxml/index.html]
[pv3d.org/tag/math/index.html]
[pv3d.disqus.com/disqus4ce6.js]
[pv3d.org/2009/04/21/training-in-san-francisco/index.html]
[pv3d.org/category/snippets/page/2/index.html]
[pv3d.org/2010/04/18/index.html]
[pv3d.disqus.com/disqusc8fa.js]
[pv3d.org/2009/07/page/2/index.html]
[pv3d.org/2009/04/17/vote-in-the-best-augmented-reality-competition/index.html]
[pv3d.org/2009/06/page/2/index.html]
[pv3d.org/2009/06/10/index.html]
[pv3d.org/2009/06/13/index.html]
[pv3d.org/2009/06/02/index.html]
[pv3d.disqus.com/disqusca0f.js]
[pv3d.org/2009/04/15/hired/index.html]
[pv3d.org/2009/06/22/index.html]
[pv3d.org/2009/06/23/index.html]
[pv3d.org/2009/06/24/index.html]
[pv3d.org/2009/06/27/index.html]
[pv3d.disqus.com/disqusf550.js]
[pv3d.org/2009/04/02/poisson-davril/index.html]
[pv3d.org/2009/06/28/index.html]
[pv3d.org/2009/05/page/2/index.html]
[pv3d.org/tag/matrix/index.html]
[pv3d.disqus.com/disqus05de.js]
[pv3d.org/2009/05/16/index.html]
[pv3d.org/2009/04/01/blogging-in-french/index.html]
[pv3d.org/2009/05/24/index.html]
[pv3d.org/2009/05/23/index.html]
[pv3d.org/2009/05/25/index.html]
[pv3d.org/2009/05/26/index.html]
[pv3d.org/2009/05/27/index.html]
[pv3d.org/tag/degrafa/index.html]
[pv3d.disqus.com/disquscac6.js]
[pv3d.org/2009/03/20/laid-off/index.html]
[pv3d.org/tag/scrollbar/index.html]
[pv3d.org/2009/04/page/2/index.html]
[pv3d.org/2009/04/01/index.html]
[pv3d.org/2009/04/02/index.html]
[pv3d.disqus.com/disqusb608.js]
[pv3d.org/2009/03/09/the-return-of-the-forums/index.html]
[pv3d.org/2009/04/05/index.html]
[pv3d.org/2009/04/06/index.html]
[pv3d.org/2009/04/08/index.html]
[pv3d.org/2009/04/14/index.html]
[pv3d.org/2009/04/09/index.html]
[pv3d.org/2009/04/17/index.html]
[pv3d.org/2009/04/15/index.html]
[dl.getdropbox.com/u/132579/sites/pv3d.org/images/lyndalogo_alt_y.gif]
[pv3d.org/2009/04/21/index.html]
[pv3d.disqus.com/disqusa941.js]
[pv3d.org/tag/text-layout-framework/index.html]
[pv3d.org/2009/03/05/3d-modeling-tutorials/index.html]
[pv3d.org/2009/03/page/2/index.html]
[pv3d.org/tag/design-patterns/index.html]
[pv3d.org/2009/02/page/2/index.html]
[pv3d.org/2009/02/01/index.html]
[pv3d.org/2009/02/04/index.html]
[pv3d.org/2009/02/03/index.html]
[pv3d.disqus.com/disqus1eca.js]
[pv3d.org/2009/02/28/packing-for-chicago/index.html]
[pv3d.org/2009/02/11/index.html]
[pv3d.org/2009/02/16/index.html]
[pv3d.org/2009/02/17/index.html]
[pv3d.org/2009/02/18/index.html]
[pv3d.org/2009/02/19/index.html]
[pv3d.disqus.com/disqus4558.js]
[pv3d.org/2009/02/19/server-woes-and-forum-status/index.html]
[pv3d.org/2009/02/23/index.html]
[pv3d.org/2009/02/20/index.html]
[pv3d.org/2009/02/24/index.html]
[pv3d.org/2009/02/25/index.html]
[pv3d.disqus.com/disqus55e8.js]
[pv3d.org/2009/02/04/getting-started-with-papervision3d/index.html]
[pv3d.org/2009/02/26/index.html]
[pv3d.org/2009/02/27/index.html]
[pv3d.org/2009/02/28/index.html]
[pv3d.org/tag/intermediate/index.html]
[dl.getdropbox.com/u/132579/sites/pv3d.org/images/chicagotraining.jpg]
[pv3d.org/2009/01/page/2/index.html]
[pv3d.org/2009/01/02/index.html]
[pv3d.org/2009/01/03/index.html]
[pv3d.org/2009/01/05/index.html]
[pv3d.disqus.com/disqus138b.js]
[pv3d.org/2009/01/21/training-in-chicago/index.html]
[pv3d.org/2009/01/06/index.html]
[pv3d.org/2009/01/07/index.html]
[pv3d.org/2009/01/08/index.html]
[pv3d.org/2009/01/11/index.html]
[pv3d.org/2009/01/13/index.html]
[pv3d.org/2009/01/14/index.html]
[papervision3d.files.wordpress.com/2009/01/pv3d_forum_blog.jpg]
[pv3d.org/2009/01/19/forums/index.html]
[pv3d.disqus.com/disqus6850.js]
[pv3d.org/2009/01/15/index.html]
[pv3d.org/2009/01/19/index.html]
[pv3d.org/2009/01/21/index.html]
[pv3d.disqus.com/disqusc640.js]
[pv3d.org/2009/01/13/updated-swc-and-zip-rev-859/index.html]
[pv3d.org/2009/01/23/index.html]
[pv3d.org/2009/01/28/index.html]
[pv3d.org/2009/01/30/index.html]
[pv3d.org/2009/01/31/index.html]
[pv3d.disqus.com/disqus4a87.js]
[pv3d.org/2009/01/13/jiglibflash-3d-physics-engine/index.html]
[pv3d.org/tag/flint/index.html]
[pv3d.org/tag/fun/index.html]
[pv3d.org/tag/vectorvision/index.html]
[pv3d.org/2008/12/21/swc-and-zip-updated-to-revision-851/index.html]
[pv3d.disqus.com/disqus67dd.js]
[pv3d.org/2008/12/page/2/index.html]
[pv3d.org/2008/11/page/2/index.html]
[pv3d.org/tag/rotation/index.html]
[pv3d.disqus.com/disqus81c7.js]
[pv3d.org/2008/12/11/hosting-problems/index.html]
[pv3d.org/2008/11/07/index.html]
[pv3d.org/2008/11/08/index.html]
[pv3d.org/2008/11/17/index.html]
[pv3d.org/2008/11/18/index.html]
[dl.getdropbox.com/u/132579/sites/pv3d.org/images/web_rgb_logo2.gif]
[pv3d.org/2008/11/19/index.html]
[pv3d.org/2008/11/20/index.html]
[pv3d.org/2008/11/21/index.html]
[pv3d.org/2008/11/24/index.html]
[pv3d.disqus.com/disqusebb2.js]
[pv3d.org/2008/12/09/papervision3d-wins-net-magazine-2008-innovation-of-the-year/index.html]
[pv3d.org/2008/11/25/index.html]
[pv3d.org/2008/11/26/index.html]
[pv3d.org/2008/11/27/index.html]
[pv3d.disqus.com/disqus9dba.js]
[pv3d.org/2008/11/30/index.html]
[pv3d.org/2008/11/29/index.html]
[pv3d.org/2008/12/08/papervision3d-now-includes-vectorvision/index.html]
[pv3d.org/applewebkit/index.html]
[pv3d.org/2008/12/06/what-is-basicview/feed/index.html]
[pv3d.org/2009/06/10/peer-to-peer-in-flash-player-10-by-danny-patterson/feed/index.html]
[pv3d.disqus.com/disqus33cf.js]
[pv3d.org/2008/12/04/updated-downloads/index.html]
[pv3d.org/2009/05/16/the-spotlight-effect-dimming-the-unselected/feed/index.html]
[pv3d.disqus.com/disqus5c78.js]
[pv3d.org/2008/11/07/third-times-the-charm/index.html]
[pv3d.org/2009/02/20/actionscript-3-command-pattern-and-interfaces/feed/index.html]
[pv3d.org/2009/07/01/test-if-a-plane-is-within-the-view-of-the-camera-aka-testing-if-culled/index.html]
[pv3d.org/2009/02/11/actionscript-3-model-view-controller-mvc/feed/index.html]
[pv3d.org/2009/01/28/actionscript-3-public-internal-protected-private/feed/index.html]
[pv3d.disqus.com/disquse360.js]
[pv3d.org/2009/07/01/end-dump/feed/index.html]
[pv3d.org/2009/07/01/materials-reference/index.html]
[pv3d.org/2009/07/01/workshop-video-and-example-dump/feed/index.html]
[pv3d.org/2009/06/28/3d-math-book-recommendation/feed/index.html]
[files.getdropbox.com/u/132579/sites/pv3d.org/examples/AS3Dmod/PerlinBlob.jpg]
[pv3d.org/2009/06/27/heading-to-new-york-brb/feed/index.html]
[pv3d.disqus.com/disquseae4.js]
[pv3d.org/2009/07/01/perlin-blob/index.html]
[pv3d.org/2009/06/24/launching-flex4org/feed/index.html]
[files.getdropbox.com/u/132579/sites/pv3d.org/examples/interactivity/DynamicText.jpg]
[pv3d.org/2009/06/02/big-and-small/feed/index.html]
[pv3d.disqus.com/disqusc62d.js]
[pv3d.org/2009/07/01/dynamic-text-on-a-plane/index.html]
[pv3d.org/2009/04/21/training-in-san-francisco/feed/index.html]
[pv3d.org/2009/04/17/vote-in-the-best-augmented-reality-competition/feed/index.html]
[pv3d.disqus.com/disqusf584.js]
[pv3d.org/2009/05/27/calculatemultiply3x3/index.html]
[pv3d.org/2009/04/15/hired/feed/index.html]
[pv3d.disqus.com/disqus9c44.js]
[pv3d.org/2009/05/26/tweening-movef/index.html]
[pv3d.org/2009/04/02/poisson-davril/feed/index.html]
[pv3d.org/2009/04/01/blogging-in-french/feed/index.html]
[pv3d.disqus.com/disqusfaa1.js]
[pv3d.org/2009/05/25/holy-sphere/index.html]
[pv3d.org/2009/03/20/laid-off/feed/index.html]
[pv3d.org/2009/03/09/the-return-of-the-forums/feed/index.html]
[pv3d.disqus.com/disqus8048.js]
[pv3d.org/2009/03/05/3d-modeling-tutorials/feed/index.html]
[pv3d.org/2009/05/24/moving-faces/index.html]
[pv3d.org/2009/02/28/packing-for-chicago/feed/index.html]
[dl.getdropbox.com/u/132579/sites/pv3d.org/examples/materials/MovingATexture.png]
[pv3d.org/2009/02/19/server-woes-and-forum-status/feed/index.html]
[pv3d.disqus.com/disqus9086.js]
[pv3d.org/2009/05/23/moving-a-texture-inside-of-a-plane/index.html]
[pv3d.org/2009/02/04/getting-started-with-papervision3d/feed/index.html]
[pv3d.org/tag/off-topic/index.html]
[pv3d.disqus.com/disqus7b3d.js]
[pv3d.org/2009/04/14/theres-more-than-one-way-to-skin-a-scrollbar/index.html]
[pv3d.org/2009/01/21/training-in-chicago/feed/index.html]
[pv3d.org/2009/01/19/forums/feed/index.html]
[dl.getdropbox.com/u/132579/sites/pv3d.org/examples/cube/SlicedCube.jpg]
[pv3d.org/tag/forum/index.html]
[pv3d.org/2009/01/13/updated-swc-and-zip-rev-859/feed/index.html]
[pv3d.org/2009/04/09/sliced-cube/index.html]
[pv3d.disqus.com/disqusae2b.js]
[pv3d.org/2009/01/13/jiglibflash-3d-physics-engine/feed/index.html]
[dl.getdropbox.com/u/132579/sites/pv3d.org/examples/cube/FullScreenCube.jpg]
[pv3d.org/tag/jiglibflash/index.html]
[pv3d.org/2008/12/21/swc-and-zip-updated-to-revision-851/feed/index.html]
[pv3d.disqus.com/disqus2df0.js]
[pv3d.org/2009/04/08/full-screen-cube/index.html]
[pv3d.org/2008/12/11/hosting-problems/feed/index.html]
[dl.getdropbox.com/u/132579/sites/pv3d.org/examples/materials/SlicedPlane.jpg]
[pv3d.org/2008/12/09/papervision3d-wins-net-magazine-2008-innovation-of-the-year/feed/index.html]
[pv3d.disqus.com/disqus8e74.js]
[pv3d.org/2009/04/05/sliced-plane/index.html]
[pv3d.org/2008/12/08/papervision3d-now-includes-vectorvision/feed/index.html]
[pv3d.org/tag/download/index.html]
[pv3d.disqus.com/disquse94b.js]
[pv3d.org/2009/03/31/twitter-papervision3d-using-tweetr/index.html]
[pv3d.org/2008/12/04/updated-downloads/feed/index.html]
[pv3d.org/2008/11/07/third-times-the-charm/feed/index.html]
[pv3d.disqus.com/disqus08a1.js]
[pv3d.org/2009/03/31/using-a-flex-component-as-a-material/index.html]
[pv3d.org/2009/07/01/materials-reference/feed/index.html]
[pv3d.org/tag/blog/index.html]
[pv3d.org/2009/07/01/perlin-blob/feed/index.html]
[pv3d.disqus.com/disqusc325.js]
[pv3d.org/2009/03/31/using-the-viewport-for-interactivity/index.html]
[pv3d.org/2009/07/01/dynamic-text-on-a-plane/feed/index.html]
[pv3d.org/tag/as3dmod/index.html]
[pv3d.disqus.com/disqus78fd.js]
[pv3d.org/2009/03/30/renderlayers-selective-rendering/index.html]
[pv3d.org/2009/05/27/calculatemultiply3x3/feed/index.html]
[pv3d.org/2009/05/26/tweening-movef/feed/index.html]
[pv3d.disqus.com/disqus667c.js]
[pv3d.org/2009/03/17/mxml-without-the-flex-framework/index.html]
[pv3d.org/2009/03/12/augmented-reality-recursive-webcam/index.html]
[pv3d.org/2009/05/25/holy-sphere/feed/index.html]
[pv3d.org/2009/05/24/moving-faces/feed/index.html]
[pv3d.org/2009/03/12/augmented-reality-flartoolkit-demo-reel/index.html]
[pv3d.org/2009/05/23/moving-a-texture-inside-of-a-plane/feed/index.html]
[dl.getdropbox.com/u/132579/sites/pv3d.org/examples/particles/ParticleOrbit.png]
[pv3d.org/2009/04/14/theres-more-than-one-way-to-skin-a-scrollbar/feed/index.html]
[pv3d.org/tag/uv/index.html]
[pv3d.disqus.com/disqus2936.js]
[pv3d.org/2009/03/10/particle-orbiting/index.html]
[pv3d.org/2009/04/09/sliced-cube/feed/index.html]
[pv3d.disqus.com/disqus8f60.js]
[pv3d.org/2009/03/06/localserviceconnection-flashlcs-dem/index.html]
[dl.getdropbox.com/u/132579/sites/pv3d.org/examples/particles/AnimatedMovieParticle.JPG]
[pv3d.org/tag/cube/index.html]
[pv3d.org/tag/pixel-perfect/index.html]
[pv3d.org/tag/slice/index.html]
[pv3d.disqus.com/disqus993f.js]
[pv3d.org/2009/03/03/thanks-chicago-this-ones-for-you/index.html]
[pv3d.org/2009/04/08/full-screen-cube/feed/index.html]
[pv3d.org/2009/04/05/sliced-plane/feed/index.html]
[pv3d.disqus.com/disqus9edd.js]
[pv3d.org/2009/02/27/text-layout-framework-presentation/index.html]
[pv3d.org/2009/03/31/twitter-papervision3d-using-tweetr/feed/index.html]
[pv3d.org/2009/03/31/using-a-flex-component-as-a-material/feed/index.html]
[pv3d.disqus.com/disqusacec.js]
[pv3d.org/2009/02/26/text-layout-framework-examples/index.html]
[pv3d.disqus.com/disqusaac1.js]
[pv3d.org/2009/02/25/memento-pattern-recording-state/index.html]
[pv3d.org/2009/03/31/using-the-viewport-for-interactivity/feed/index.html]
[pv3d.org/2009/03/30/renderlayers-selective-rendering/feed/index.html]
[pv3d.disqus.com/disqusf1fd.js]
[pv3d.org/2009/03/17/mxml-without-the-flex-framework/feed/index.html]
[pv3d.org/2009/02/24/command-pattern-queuing-commands/index.html]
[pv3d.org/2009/03/10/particle-orbiting/feed/index.html]
[pv3d.org/tag/particles/index.html]
[dl.getdropbox.com/u/132579/sites/pv3d.org/designpatterns/commandpattern/UndoableCommands.jpg]
[pv3d.org/2009/03/06/localserviceconnection-flashlcs-dem/feed/index.html]
[pv3d.org/2009/02/23/command-pattern-undo-and-command-stack/index.html]
[pv3d.disqus.com/disqus8697.js]
[pv3d.org/tag/flashlcs/index.html]
[pv3d.org/2009/03/03/thanks-chicago-this-ones-for-you/feed/index.html]
[pv3d.disqus.com/disqusde02.js]
[pv3d.org/2009/02/18/as3-binding-without-the-flex-framework/index.html]
[pv3d.org/2009/02/27/text-layout-framework-presentation/feed/index.html]
[dl.getdropbox.com/u/132579/sites/pv3d.org/examples/ribbons/Ribbons.jpg]
[pv3d.org/2009/02/26/text-layout-framework-examples/feed/index.html]
[pv3d.disqus.com/disqus605f.js]
[pv3d.org/2009/02/17/ribbons/index.html]
[pv3d.org/2009/02/25/memento-pattern-recording-state/feed/index.html]
[pv3d.org/2009/02/24/command-pattern-queuing-commands/feed/index.html]
[pv3d.disqus.com/disqus1ebb.js]
[pv3d.org/2009/02/16/carousel-with-forward-facing-planes/index.html]
[pv3d.org/2009/02/23/command-pattern-undo-and-command-stack/feed/index.html]
[dl.getdropbox.com/u/132579/sites/pv3d.org/examples/carousel/InternalCarousel.jpg]
[pv3d.org/2009/02/18/as3-binding-without-the-flex-framework/feed/index.html]
[pv3d.disqus.com/disqusd4e0.js]
[pv3d.org/2009/02/03/internal-carousel/index.html]
[pv3d.org/tag/flight/index.html]
[pv3d.org/2009/02/17/ribbons/feed/index.html]
[pv3d.org/tag/ribbons/index.html]
[dl.getdropbox.com/u/132579/sites/pv3d.org/examples/dataStructures/Grid3D.jpg]
[pv3d.org/2009/02/16/carousel-with-forward-facing-planes/feed/index.html]
[pv3d.disqus.com/disqus3865.js]
[pv3d.org/2009/02/01/3d-grid/index.html]
[pv3d.org/2009/02/03/internal-carousel/feed/index.html]
[dl.getdropbox.com/u/132579/sites/pv3d.org/examples/dataStructures/Grid.jpg]
[pv3d.org/2009/02/01/3d-grid/feed/index.html]
[pv3d.org/tag/bitmapviewport/index.html]
[pv3d.disqus.com/disqus8d45.js]
[pv3d.org/2009/02/01/grid/index.html]
[pv3d.org/2009/02/01/grid/feed/index.html]
[pv3d.disqus.com/disqus4693.js]
[pv3d.org/2009/01/31/stacked-planes/index.html]
[pv3d.org/tag/moviematerial/index.html]
[pv3d.org/2009/01/31/stacked-planes/feed/index.html]
[pv3d.disqus.com/disqus2a0c.js]
[pv3d.org/2009/01/31/flover-cow-aka-cover-flow-knockoff/index.html]
[pv3d.org/2009/01/31/flover-cow-aka-cover-flow-knockoff/feed/index.html]
[dl.getdropbox.com/u/132579/sites/pv3d.org/examples/camera/DrivingACar.jpg]
[pv3d.org/2009/01/23/springcamera3d-and-driving-a-car/feed/index.html]
[pv3d.org/2009/01/23/springcamera3d-and-driving-a-car/index.html]
[pv3d.disqus.com/disqus59d8.js]
[pv3d.org/tag/viewportlayer/index.html]
[dl.getdropbox.com/u/132579/sites/pv3d.org/examples/rotation/Trackball.png]
[pv3d.org/2009/01/15/dragging-an-object-to-rotate/feed/index.html]
[pv3d.org/2009/01/15/dragging-an-object-to-rotate/index.html]
[pv3d.disqus.com/disqus8089.js]
[dl.getdropbox.com/u/132579/sites/pv3d.org/examples/rotation/RollingASphereWithTheKeyboardAndBox2D.png]
[pv3d.disqus.com/disqus39e2.js]
[pv3d.org/2009/01/15/rolling-a-sphere-with-keyboard-and-box2dflash-physics/index.html]
[pv3d.org/2009/01/15/rolling-a-sphere-with-keyboard-and-box2dflash-physics/feed/index.html]
[dl.getdropbox.com/u/132579/sites/pv3d.org/examples/rotation/RollingASphereWithTheKeyboard.png]
[pv3d.org/2009/01/14/rolling-a-sphere-with-the-keyboard/feed/index.html]
[pv3d.disqus.com/disqusa54c.js]
[pv3d.org/2009/01/14/rolling-a-sphere-with-the-keyboard/index.html]
[dl.getdropbox.com/u/132579/sites/pv3d.org/examples/tween/TweenPlanesToYou.JPG]
[pv3d.org/2009/01/11/tweening-rotated-planes-to-you/index.html]
[pv3d.disqus.com/disqus83df.js]
[pv3d.org/2009/01/11/tweening-rotated-planes-to-you/feed/index.html]
[dl.getdropbox.com/u/132579/sites/pv3d.org/examples/AS3Dmod/As3dModTaper.JPG]
[pv3d.org/2009/01/08/as3dmod-taper/feed/index.html]
[pv3d.disqus.com/disqus67ed.js]
[pv3d.org/2009/01/08/as3dmod-taper/index.html]
[dl.getdropbox.com/u/132579/sites/pv3d.org/examples/AS3Dmod/As3dModPerlin.JPG]
[pv3d.org/2009/01/07/as3dmod-perlin-noise/feed/index.html]
[pv3d.org/2009/01/07/as3dmod-perlin-noise/index.html]
[pv3d.disqus.com/disqus70e4.js]
[dl.getdropbox.com/u/132579/sites/pv3d.org/examples/AS3Dmod/As3dModTwist.JPG]
[pv3d.org/2009/01/06/as3dmod-twist/index.html]
[pv3d.disqus.com/disqus5424.js]
[pv3d.org/2009/01/06/as3dmod-twist/feed/index.html]
[dl.getdropbox.com/u/132579/sites/pv3d.org/examples/camera/LookingAroundTheInsideOfASphere.jpg]
[pv3d.disqus.com/disqusf253.js]
[pv3d.org/2009/01/05/looking-around-the-inside-of-a-sphere/index.html]
[pv3d.org/2009/01/05/looking-around-the-inside-of-a-sphere/feed/index.html]
[dl.getdropbox.com/u/132579/sites/pv3d.org/examples/lookat/TweeningLookAt.png]
[pv3d.org/tag/mouse/index.html]
[pv3d.org/2009/01/03/tweening-the-camera-and-tweening-lookat/feed/index.html]
[pv3d.disqus.com/disqus170e.js]
[pv3d.org/2009/01/03/tweening-the-camera-and-tweening-lookat/index.html]
[pv3d.org/tag/lookat/index.html]
[dl.getdropbox.com/u/132579/sites/pv3d.org/examples/cube/InsideFacesOfACube.png]
[pv3d.disqus.com/disqus515e.js]
[pv3d.org/2009/01/02/cube-inside-faces-and-outside-faces/index.html]
[pv3d.org/2009/01/02/cube-inside-faces-and-outside-faces/feed/index.html]
[pv3d.disqus.com/disqus16a7.js]
[pv3d.org/2008/12/31/happy-new-year/index.html]
[pv3d.org/2008/12/31/happy-new-year/feed/index.html]
[pv3d.disqus.com/disqus206c.js]
[pv3d.org/2008/12/28/click-then-tween-camera-to-plane/index.html]
[pv3d.org/2008/12/28/click-then-tween-camera-to-plane/feed/index.html]
[dl.getdropbox.com/u/132579/sites/pv3d.org/examples/materials/SwitchingMovieMaterialsOnACube.png]
[pv3d.org/2008/12/26/switching-a-moviematerial-on-the-face-of-a-cube-replacematerialbyname/index.html]
[pv3d.disqus.com/disqusdc6a.js]
[pv3d.org/2008/12/26/switching-a-moviematerial-on-the-face-of-a-cube-replacematerialbyname/feed/index.html]
[dl.getdropbox.com/u/132579/sites/pv3d.org/examples/fun/MerryChristmas.png]
[pv3d.disqus.com/disqus3ed6.js]
[pv3d.org/2008/12/24/merry-christmas/index.html]
[pv3d.org/2008/12/24/merry-christmas/feed/index.html]
[pv3d.org/tag/reflection/index.html]
[dl.getdropbox.com/u/132579/sites/pv3d.org/examples/flint/FlintPixels2.jpg]
[pv3d.org/2008/12/22/flint-pixels-2-random-drift-and-rotate-emitter/feed/index.html]
[pv3d.org/2008/12/22/flint-pixels-2-random-drift-and-rotate-emitter/index.html]
[pv3d.disqus.com/disqus6b94.js]
[dl.getdropbox.com/u/132579/sites/pv3d.org/examples/physics/Box2DFlashWithPapervision3DPart4.png]
[pv3d.org/2008/12/22/papervision3d-with-box2dflash-part-4-distance-joint/feed/index.html]
[pv3d.disqus.com/disquse4f6.js]
[pv3d.org/2008/12/22/papervision3d-with-box2dflash-part-4-distance-joint/index.html]
[dl.getdropbox.com/u/132579/sites/pv3d.org/examples/flint/FlintPixels.png]
[pv3d.org/2008/12/22/flint-pixels/feed/index.html]
[pv3d.disqus.com/disqusf990.js]
[pv3d.org/2008/12/22/flint-pixels/index.html]
[www.everydayflash.com/flash/as3dmod/logo_bw.gif]
[pv3d.org/tag/pixel3d/index.html]
[pv3d.org/2008/12/21/papervision3d-with-as3dmod-hello-world-example/feed/index.html]
[dl.getdropbox.com/u/132579/sites/pv3d.org/examples/AS3Dmod/Papervision3DwithAS3DMod.png]
[pv3d.disqus.com/disqusc430.js]
[pv3d.org/2008/12/21/papervision3d-with-as3dmod-hello-world-example/index.html]
[dl.getdropbox.com/u/132579/sites/pv3d.org/examples/materials/CubeWithDifferentSides.png]
[pv3d.org/tag/bend/index.html]
[pv3d.org/2008/12/20/cube-with-different-sides-materialslist/feed/index.html]
[pv3d.disqus.com/disqus6bc1.js]
[pv3d.org/2008/12/20/cube-with-different-sides-materialslist/index.html]
[dl.getdropbox.com/u/132579/sites/pv3d.org/examples/physics/Box2DFlashWithPapervision3DPart3.png]
[pv3d.org/2008/12/20/papervision3d-with-box2dflash-part-3-adding-mouse-interaction/feed/index.html]
[pv3d.disqus.com/disqusc96c.js]
[pv3d.org/2008/12/20/papervision3d-with-box2dflash-part-3-adding-mouse-interaction/index.html]
[dl.getdropbox.com/u/132579/sites/pv3d.org/examples/physics/Box2DFlashWithPapervision3DPart2.png]
[pv3d.org/2008/12/20/papervision3d-with-box2dflash-part-2/feed/index.html]
[pv3d.disqus.com/disqusfedc.js]
[pv3d.org/2008/12/20/papervision3d-with-box2dflash-part-2/index.html]
[pv3d.org/2008/12/20/papervision3d-with-box2dflash-hello-world/index.html]
[pv3d.disqus.com/disqus2e0e.js]
[pv3d.org/2008/12/19/dragging-planes-and-lookat-camera/index.html]
[pv3d.org/2008/12/19/dragging-planes-and-lookat-camera/feed/index.html]
[pv3d.disqus.com/disqus742d.js]
[pv3d.org/2008/12/19/shaders-shadedmaterial-example/index.html]
[pv3d.org/2008/12/19/shaders-shadedmaterial-example/feed/index.html]
[dl.getdropbox.com/u/132579/sites/pv3d.org/examples/flint/Papervision3DWithFlint.png]
[pv3d.org/2008/12/15/flint-particle-system-with-papervision3d/feed/index.html]
[pv3d.disqus.com/disqus93d6.js]
[pv3d.org/2008/12/15/flint-particle-system-with-papervision3d/index.html]
[pv3d.disqus.com/disqusdd8f.js]
[pv3d.org/2008/12/13/trianglemesh3d-create-your-own-mesh/index.html]
[pv3d.org/2008/12/13/trianglemesh3d-create-your-own-mesh/feed/index.html]
[dl.getdropbox.com/u/132579/sites/pv3d.org/examples/materials/SwappingMaterialsOnFaces.png]
[pv3d.org/2008/12/13/swapping-materials-on-faces/feed/index.html]
[pv3d.disqus.com/disqus227a.js]
[pv3d.org/2008/12/13/swapping-materials-on-faces/index.html]
[dl.getdropbox.com/u/132579/sites/pv3d.org/examples/materials/PerFaceMaterial.png]
[pv3d.disqus.com/disqus97ed.js]
[pv3d.org/2008/12/12/per-face-material/index.html]
[pv3d.org/2008/12/12/per-face-material/feed/index.html]
[dl.getdropbox.com/u/132579/sites/pv3d.org/examples/materials/SwappingPlanesWithMovieClips.png]
[pv3d.org/2008/12/11/swapping-a-plane-with-a-movieclip/feed/index.html]
[pv3d.disqus.com/disqus6520.js]
[pv3d.org/2008/12/11/swapping-a-plane-with-a-movieclip/index.html]
[dl.getdropbox.com/u/132579/sites/pv3d.org/examples/fun/Portal.png]
[pv3d.org/2008/12/09/portal/index.html]
[pv3d.disqus.com/disqus7202.js]
[pv3d.org/2008/12/09/portal/feed/index.html]
[dl.getdropbox.com/u/132579/sites/pv3d.org/examples/drag/DraggingASphere.png]
[pv3d.org/tag/multiple-viewports/index.html]
[pv3d.org/2008/12/09/dragging-spheres/feed/index.html]
[pv3d.disqus.com/disqus8ce7.js]
[pv3d.org/2008/12/09/dragging-spheres/index.html]
[pv3d.org/tag/light/index.html]
[pv3d.org/tag/plane3d/index.html]
[dl.getdropbox.com/u/132579/sites/pv3d.org/examples/vectorvision/VectorVisionHelloWorld.png]
[pv3d.org/2008/12/08/vectorvision-hello-world/feed/index.html]
[pv3d.org/2008/12/08/vectorvision-hello-world/index.html]
[pv3d.disqus.com/disqusd8f0.js]
[dl.getdropbox.com/u/132579/sites/pv3d.org/examples/viewport/ViewportAsMask2.png]
[pv3d.org/2008/12/07/using-a-viewport-as-a-mask/feed/index.html]
[pv3d.org/2008/12/07/using-a-viewport-as-a-mask/index.html]
[pv3d.disqus.com/disqus2944.js]
[pv3d.org/tag/mask/index.html]
[pv3d.org/tag/viewport/index.html]
[dl.getdropbox.com/u/132579/sites/pv3d.org/examples/dae/CellShadedCollada.png]
[pv3d.org/2008/12/07/collada-with-cellshader-and-pointlight3d/feed/index.html]
[pv3d.disqus.com/disqus1929.js]
[pv3d.org/2008/12/07/collada-with-cellshader-and-pointlight3d/index.html]
[pv3d.org/2008/12/06/embedding-a-collada-file/index.html]
[pv3d.org/2008/12/06/papervision3d-sound-spectrum/index.html]
[pv3d.org/2008/12/04/tweening-vertices/index.html]
[pv3d.org/2008/12/04/neat-camera-and-arrows-thingy/index.html]
[dl.getdropbox.com/u/132579/sites/pv3d.org/examples/basics/TwoSidedPlane.png]
[pv3d.org/2008/12/02/plane-with-two-different-sides/feed/index.html]
[pv3d.disqus.com/disqusccdd.js]
[pv3d.org/2008/12/02/plane-with-two-different-sides/index.html]
[pv3d.org/tag/pivot-point/index.html]
[dl.getdropbox.com/u/132579/sites/pv3d.org/designpatterns/StrategyPattern.png]
[pv3d.org/2008/12/01/the-strategy-pattern-changing-behavior/feed/index.html]
[pv3d.disqus.com/disqus657e.js]
[pv3d.org/2008/12/01/the-strategy-pattern-changing-behavior/index.html]
[dl.getdropbox.com/u/132579/sites/pv3d.org/examples/materials/BitmapViewportMaterialExample.png]
[pv3d.org/2008/12/01/bitmapviewportmaterial-example/feed/index.html]
[pv3d.disqus.com/disqusb906.js]
[pv3d.org/2008/12/01/bitmapviewportmaterial-example/index.html]
[pv3d.org/2008/12/01/carousel-with-proper-rotation-and-reflection/index.html]
[pv3d.disqus.com/disqus5ac0.js]
[pv3d.org/2008/11/29/using-slerp-to-move-around-a-sphere/index.html]
[pv3d.org/2008/11/29/free-rotation-using-quaternions/index.html]
[pv3d.org/2008/11/29/using-slerp-to-move-around-a-sphere/feed/index.html]
[dl.getdropbox.com/u/132579/sites/pv3d.org/examples/plane3d/Plane3DExample.png]
[pv3d.org/2008/11/27/plane3d-intersect-poin/feed/index.html]
[pv3d.disqus.com/disqusf85a.js]
[pv3d.org/2008/11/27/plane3d-intersect-poin/index.html]
[pv3d.org/tag/ray/index.html]
[dl.getdropbox.com/u/132579/sites/pv3d.org/examples/fun/DancingSpheres.png]
[pv3d.org/2008/11/26/dancing-spheres/feed/index.html]
[pv3d.disqus.com/disqusf4fe.js]
[pv3d.org/2008/11/26/dancing-spheres/index.html]
[dl.getdropbox.com/u/132579/sites/pv3d.org/designpatterns/StatePatternPart3.png]
[pv3d.org/2008/11/26/the-state-pattern-source-files/feed/index.html]
[pv3d.disqus.com/disqus776f.js]
[pv3d.org/2008/11/26/the-state-pattern-source-files/index.html]
[dl.getdropbox.com/u/132579/sites/pv3d.org/examples/mouse/Mouse3DFloor.png]
[pv3d.org/2008/11/25/mouse-follower/feed/index.html]
[pv3d.disqus.com/disqusc35d.js]
[pv3d.org/2008/11/25/mouse-follower/index.html]
[dl.getdropbox.com/u/132579/sites/pv3d.org/examples/fun/DragAndRelease.png]
[pv3d.org/2008/11/24/drag-and-release/feed/index.html]
[pv3d.org/2008/11/24/drag-and-release/index.html]
[pv3d.disqus.com/disqus95f0.js]
[dl.getdropbox.com/u/132579/sites/pv3d.org/examples/requests/LinesBetweenTwo3DPoints.png]
[pv3d.org/tag/line/index.html]
[pv3d.org/2008/11/21/following-line/index.html]
[pv3d.disqus.com/disqus36a4.js]
[pv3d.org/2008/11/21/following-line/feed/index.html]
[dl.getdropbox.com/u/132579/sites/pv3d.org/examples/camera/freecameravstargetcamera.png]
[pv3d.org/2008/11/21/camera-free-vs-target/feed/index.html]
[pv3d.org/2008/11/21/camera-free-vs-target/index.html]
[pv3d.disqus.com/disqusd45e.js]
[pv3d.disqus.com/disqus2924.js]
[pv3d.org/2008/11/20/viewportlayer-and-sortmode-index-vs-z/index.html]
[pv3d.org/2008/11/20/viewportlayer-and-sortmode-index-vs-z/feed/index.html]
[dl.getdropbox.com/u/132579/sites/pv3d.org/examples/mouse/Mouse3DExample.png]
[pv3d.org/tag/sorting/index.html]
[pv3d.org/2008/11/19/mouse3d-moving-light/feed/index.html]
[pv3d.disqus.com/disqus5c51.js]
[pv3d.org/2008/11/19/mouse3d-moving-light/index.html]
[dl.getdropbox.com/u/132579/sites/pv3d.org/examples/fun/Fireball.png]
[pv3d.disqus.com/disqus14c4.js]
[pv3d.org/2008/11/19/fireball/index.html]
[pv3d.org/2008/11/19/fireball/feed/index.html]
[dl.getdropbox.com/u/132579/sites/pv3d.org/examples/materials/BumpMapDemo.png]
[pv3d.org/2008/11/19/bumpmap-using-envmapmaterial/feed/index.html]
[pv3d.org/2008/11/19/bumpmap-using-envmapmaterial/index.html]
[pv3d.disqus.com/disqus043f.js]
[dl.getdropbox.com/u/132579/sites/pv3d.org/examples/matrix/SwitchingParentsAtRuntime.png]
[pv3d.org/2008/11/19/switching-parents-at-runtime/feed/index.html]
[pv3d.disqus.com/disqusd708.js]
[pv3d.org/2008/11/19/switching-parents-at-runtime/index.html]
[pv3d.org/tag/addchild/index.html]
[pv3d.org/tag/removechild/index.html]
[dl.getdropbox.com/u/132579/sites/pv3d.org/examples/camera/OrbitingCameraExample.png]
[pv3d.org/2008/11/19/dragging-mouse-for-camera-orbit/feed/index.html]
[pv3d.disqus.com/disqus8b25.js]
[pv3d.org/2008/11/19/dragging-mouse-for-camera-orbit/index.html]
[pv3d.org/tag/orbit/index.html]
[pv3d.disqus.com/disqus4af9.js]
[pv3d.org/2008/11/18/showing-the-hand-cursor-on-a-plane/index.html]
[pv3d.org/2008/11/18/showing-the-hand-cursor-on-a-plane/feed/index.html]
[pv3d.disqus.com/disqusa64c.js]
[pv3d.org/2008/11/18/vectors-show-length-and-direction/index.html]
[pv3d.org/2008/11/18/vectors-show-length-and-direction/feed/index.html]
[pv3d.org/tag/hand-cursor/index.html]
[pv3d.disqus.com/disqus2728.js]
[pv3d.org/2008/11/18/points-along-a-displacement-vector/index.html]
[pv3d.org/2008/11/18/points-along-a-displacement-vector/feed/index.html]
[pv3d.org/tag/vector/index.html]
[pv3d.disqus.com/disqus235a.js]
[pv3d.org/2008/11/18/fun-with-pixel3d-and-vertex3d/index.html]
[pv3d.org/2008/11/18/fun-with-pixel3d-and-vertex3d/feed/index.html]
[pv3d.disqus.com/disqus6d84.js]
[pv3d.org/2008/11/17/finding-2d-vertices-in-a-displayobject3d/index.html]
[pv3d.org/2008/11/17/finding-2d-vertices-in-a-displayobject3d/feed/index.html]
[pv3d.disqus.com/disqusb9e2.js]
[pv3d.org/2008/11/17/finding-2d-coordinates/index.html]
[pv3d.org/tag/2d/index.html]
[pv3d.org/tag/coordinates/index.html]
[pv3d.org/2008/11/17/finding-2d-coordinates/feed/index.html]
[pv3d.disqus.com/disqus1ada.js]
[pv3d.org/2008/11/08/trail/index.html]
[pv3d.org/2008/11/08/trail/feed/index.html]
[pv3d.org/tag/copytransform/index.html]
[pv3d.org/tag/follow/index.html]
[pv3d.org/tag/trail/index.html]
[pv3d.disqus.com/disqus019c.js]
[pv3d.org/2009/06/23/flex-4-layouts-and-groups/index.html]
[pv3d.org/2009/06/23/flex-4-layouts-and-groups/feed/index.html]
[pv3d.disqus.com/disqus5bd4.js]
[pv3d.org/2009/06/22/flex-4-states/index.html]
[pv3d.disqus.com/disqus0b7a.js]
[pv3d.org/2008/12/30/slerp-explorer/index.html]
[pv3d.org/2009/06/22/flex-4-states/feed/index.html]
[pv3d.org/2008/12/30/slerp-explorer/feed/index.html]
[pv3d.disqus.com/disqusf5a7.js]
[pv3d.org/2008/12/29/quaternion-explorer/index.html]
[pv3d.org/2008/12/29/quaternion-explorer/feed/index.html]
[dl.getdropbox.com/u/132579/sites/pv3d.org/howitworks/Matrix3DExplorer.png]
[pv3d.disqus.com/disqusa2ce.js]
[pv3d.org/2008/11/24/understanding-papervision3d-matrix3d/index.html]
[pv3d.org/2008/11/24/understanding-papervision3d-matrix3d/feed/index.html]
[pv3d.disqus.com/disqus3eb3.js]
[pv3d.org/2008/12/07/animating-a-collada-file-from-3ds-max/index.html]
[pv3d.disqus.com/disqusb8d7.js]
[pv3d.org/2009/03/18/papervision3d-in-mxml/index.html]
[pv3d.org/2008/12/07/animating-a-collada-file-from-3ds-max/feed/index.html]
[pv3d.org/tag/animation/index.html]
[pv3d.org/2009/03/18/papervision3d-in-mxml/feed/index.html]
[pv3d.disqus.com/disqus3224.js]
[pv3d.org/2008/11/30/distance-between-two-number3ds/index.html]
[pv3d.org/2008/11/30/distance-between-two-number3ds/feed/index.html]
[pv3d.disqus.com/disqus3804.js]
[pv3d.org/2008/11/29/adding-a-basicview-to-a-flex-uicomponent/index.html]
[pv3d.disqus.com/disqus0d13.js]
[pv3d.org/2008/11/29/distance-to-mouse-using-a-dummy-3d-object/index.html]
[pv3d.org/2008/11/29/adding-a-basicview-to-a-flex-uicomponent/feed/index.html]
[pv3d.org/2008/11/29/distance-to-mouse-using-a-dummy-3d-object/feed/index.html]
[pv3d.disqus.com/disqusd5f7.js]
[pv3d.org/2008/11/29/distance-from-mouse-using-screen-coordinates/index.html]
[pv3d.org/2008/11/29/distance-from-mouse-using-screen-coordinates/feed/index.html]
[pv3d.disqus.com/disqusb102.js]
[pv3d.org/2008/11/26/glow-filter-on-a-viewportlayer/index.html]
[pv3d.disqus.com/disqus608d.js]
[pv3d.org/2008/11/21/waiting-for-a-image-to-load/index.html]
[pv3d.org/2008/11/26/glow-filter-on-a-viewportlayer/feed/index.html]
[pv3d.org/2008/11/21/waiting-for-a-image-to-load/feed/index.html]
[pv3d.disqus.com/disqusbdf8.js]
[pv3d.org/2008/11/18/points-along-a-displacement-vector-part-2/index.html]
[pv3d.org/tag/filter/index.html]
[pv3d.org/2009/07/01/maya-texture-baking/index.html]
[pv3d.org/2008/11/18/points-along-a-displacement-vector-part-2/feed/index.html]
[pv3d.disqus.com/disqus017f.js]
[pv3d.org/2009/07/01/creating-a-custom-vectorvision-font/index.html]
[pv3d.disqus.com/disquse779.js]
[pv3d.org/2009/06/13/how-to-click-on-stuff-in-papervision3d-viewport-viewportlayers-interactivescene3devent-mouse3d-and-moviematerial-buttons/index.html]
[pv3d.org/2009/07/01/creating-a-custom-vectorvision-font/feed/index.html]
[pv3d.org/2009/06/13/how-to-click-on-stuff-in-papervision3d-viewport-viewportlayers-interactivescene3devent-mouse3d-and-moviematerial-buttons/feed/index.html]
[pv3d.disqus.com/disqusf062.js]
[pv3d.org/2009/04/06/download-source/index.html]
[pv3d.org/tag/interactivescene3devent/index.html]
[pv3d.org/2009/04/06/download-source/feed/index.html]
[pv3d.org/tag/mouse3d/index.html]
[pv3d.disqus.com/disqus1622.js]
[pv3d.org/2008/12/04/3ds-max-texture-baking-for-papervision3d/index.html]
[pv3d.org/indexa2f3.html]
[pv3d.org/2008/12/04/3ds-max-texture-baking-for-papervision3d/feed/index.html]
[pv3d.org/2010/05/19/index.html]
[pv3d.org/2010/05/25/index.html]
[dl.dropbox.com/u/132579/pictures/scooter.html]
[pv3d.org/category/announcements/page/2/index.html]
[pv3d.org/tag/3ds-max/index.html]
[pv3d.org/tag/tweenmax/index.html]
[pv3d.org/tag/collada/index.html]
[pv3d.org/category/announcements/page/3/index.html]
[pv3d.org/tag/dae/index.html]
[pv3d.org/tag/tweenmax/page/2/index.html]
[pv3d.org/tag/morphcontroller/index.html]
[pv3d.org/category/examples/page/2/index.html]
[pv3d.org/category/actionscript-3/page/2/index.html]
[pv3d.org/tag/dae/page/2/index.html]
[dl.dropbox.com/u/132579/pictures/rl-header-logo-310-253.html]
[pv3d.org/category/tutorials/page/2/index.html]
[pv3d.org/category/videos/page/2/index.html]
[pv3d.org/category/examples/page/3/index.html]
[pv3d.org/indexc2fc.html]
[pv3d.org/2010/03/13/index.html]
[pv3d.org/category/actionscript-3/page/3/index.html]
[pv3d.org/page/3/index.html]
[pv3d.org/index2025.html]
[pv3d.org/2010/01/15/index.html]
[pv3d.org/2010/01/21/index.html]
[pv3d.org/2010/01/27/index.html]
[pv3d.org/index1565.html]
[pv3d.org/2009/12/08/index.html]
[pv3d.org/2009/12/12/index.html]
[pv3d.org/2009/12/18/index.html]
[pv3d.org/index767a.html]
[pv3d.org/category/tutorials/page/3/index.html]
[pv3d.org/2009/12/08/back-in-the-saddle/feed/index.html]
[pv3d.org/category/videos/page/3/index.html]
[pv3d.org/2009/11/21/eclipse-theme-designer-preview/feed/index.html]
[pv3d.org/page/4/index.html]
[pv3d.org/2009/11/18/index.html]
[pv3d.org/2009/11/21/index.html]
[pv3d.org/index7b0e.html]
[pv3d.org/2009/08/07/index.html]
[pv3d.org/2009/08/28/index.html]
[pv3d.org/indexc725.html]
[pv3d.org/2009/07/01/index.html]
[pv3d.org/2009/07/03/index.html]
[pv3d.org/indexa8b8.html]
[pv3d.org/tag/box2dflash/index.html]
[pv3d.org/2009/07/01/page/2/index.html]
[pv3d.org/tag/physics/index.html]
[pv3d.org/tag/box2dflash/page/2/index.html]
[dl.getdropbox.com/u/132579/sites/pv3d.org/examples/rotation/ClickThenRotateCarousel.png]
[pv3d.org/2008/12/01/index.html]
[pv3d.org/2008/12/02/index.html]
[pv3d.org/tag/physics/page/2/index.html]
[dl.getdropbox.com/u/132579/sites/pv3d.org/examples/vertices/TweenVertices.png]
[dl.getdropbox.com/u/132579/sites/pv3d.org/examples/camera/FollowCam.png]
[pv3d.org/2008/12/04/index.html]
[dl.getdropbox.com/u/132579/sites/pv3d.org/examples/dae/ColladaExample.png]
[dl.getdropbox.com/u/132579/sites/pv3d.org/examples/sound/Papervision3DSoundSpectrum.png]
[pv3d.org/2008/12/06/index.html]
[pv3d.org/tag/sound/index.html]
[pv3d.org/2008/12/07/index.html]
[pv3d.org/2008/12/08/index.html]
[pv3d.org/2008/12/09/index.html]
[pv3d.org/2008/12/11/index.html]
[pv3d.org/2008/12/12/index.html]
[pv3d.org/2008/12/13/index.html]
[pv3d.org/2008/12/15/index.html]
[pv3d.org/2008/12/19/index.html]
[pv3d.org/2008/12/20/index.html]
[pv3d.org/2008/12/21/index.html]
[pv3d.org/2008/12/22/index.html]
[pv3d.org/2008/12/24/index.html]
[pv3d.org/2008/12/26/index.html]
[pv3d.org/2008/12/28/index.html]
[pv3d.org/2008/12/29/index.html]
[pv3d.org/2008/12/30/index.html]
[pv3d.org/2008/12/31/index.html]
[pv3d.org/index9ed5.html]
[pv3d.org/tag/flartoolkit/index.html]
[pv3d.org/2009/03/03/index.html]
[pv3d.org/2009/03/05/index.html]
[pv3d.org/2009/03/06/index.html]
[pv3d.org/2009/03/09/index.html]
[pv3d.org/2009/03/10/index.html]
[pv3d.org/2009/03/12/index.html]
[pv3d.org/2009/03/17/index.html]
[pv3d.org/2009/03/18/index.html]
[pv3d.org/2009/03/20/index.html]
[pv3d.org/2009/03/30/index.html]
[pv3d.org/2009/03/31/index.html]
[pv3d.org/index9d51.html]
[pv3d.org/tag/augmented-reality/index.html]
[pv3d.org/indexd2ad.html]
[pv3d.org/tag/camera/index.html]
[pv3d.org/tag/culling/index.html]
[pv3d.org/indexa123.html]
[pv3d.org/tag/maya/index.html]
[pv3d.org/tag/texture-baking/index.html]
[pv3d.org/tag/camera/page/2/index.html]
[pv3d.org/tag/flex/index.html]
[pv3d.org/tag/state/index.html]
[pv3d.org/tag/quaternion/index.html]
[pv3d.org/tag/slerp/index.html]
[pv3d.org/tag/flex/page/2/index.html]
[pv3d.org/tag/triangle3d/index.html]
[pv3d.org/tag/quaternion/page/2/index.html]
[dl.getdropbox.com/u/132579/sites/pv3d.org/howitworks/QuaternionExplorer.png]
[pv3d.org/tag/trianglemesh3d/index.html]
[pv3d.org/tag/vertex3d/index.html]
[pv3d.org/tag/basics/index.html]
[pv3d.org/category/how-it-works/page/2/index.html]
[pv3d.org/tag/data-structures/index.html]
[pv3d.org/tag/interactive/index.html]
[pv3d.org/tag/drag/index.html]
[pv3d.org/tag/basics/page/2/index.html]
[pv3d.org/tag/material/index.html]
[pv3d.org/tag/interactive/page/2/index.html]
[pv3d.org/tag/shader/index.html]
[pv3d.org/tag/drag/page/2/index.html]
[pv3d.org/category/requests/page/2/index.html]
[pv3d.org/tag/material/page/2/index.html]
[pv3d.org/tag/mxml/index.html]
[pv3d.org/tag/math/index.html]
[pv3d.org/category/requests/page/3/index.html]
[pv3d.org/category/snippets/page/2/index.html]
[pv3d.org/tag/math/page/2/index.html]
[pv3d.org/2010/04/18/index.html]
[pv3d.org/2009/07/page/2/index.html]
[pv3d.org/2009/06/page/2/index.html]
[pv3d.org/2009/06/02/index.html]
[pv3d.org/2009/06/10/index.html]
[pv3d.org/2009/06/13/index.html]
[pv3d.org/2009/06/22/index.html]
[pv3d.org/2009/06/23/index.html]
[pv3d.org/2009/06/24/index.html]
[pv3d.org/2009/06/27/index.html]
[pv3d.org/2009/06/28/index.html]
[pv3d.org/tag/matrix/index.html]
[pv3d.org/2009/05/page/2/index.html]
[pv3d.org/2009/05/16/index.html]
[pv3d.org/2009/05/23/index.html]
[pv3d.org/2009/05/24/index.html]
[pv3d.org/2009/05/25/index.html]
[pv3d.org/2009/05/26/index.html]
[pv3d.org/2009/05/27/index.html]
[pv3d.org/tag/degrafa/index.html]
[pv3d.org/category/snippets/page/3/index.html]
[pv3d.org/tag/scrollbar/index.html]
[pv3d.org/2009/07/page/3/index.html]
[pv3d.org/2009/04/page/2/index.html]
[pv3d.org/2009/04/01/index.html]
[pv3d.org/2009/04/02/index.html]
[pv3d.org/2009/04/05/index.html]
[pv3d.org/2009/04/06/index.html]
[pv3d.org/2009/04/08/index.html]
[pv3d.org/2009/04/09/index.html]
[pv3d.org/2009/04/14/index.html]
[pv3d.org/2009/04/15/index.html]
[pv3d.org/2009/04/17/index.html]
[pv3d.org/2009/04/21/index.html]
[pv3d.org/2009/03/page/2/index.html]
[pv3d.org/tag/text-layout-framework/index.html]
[pv3d.org/tag/design-patterns/index.html]
[pv3d.org/2009/04/page/3/index.html]
[pv3d.org/2009/03/page/3/index.html]
[pv3d.org/2009/02/page/2/index.html]
[pv3d.org/2009/02/01/index.html]
[pv3d.org/2009/02/03/index.html]
[pv3d.org/2009/02/04/index.html]
[pv3d.org/2009/02/11/index.html]
[pv3d.org/2009/02/16/index.html]
[pv3d.org/2009/02/17/index.html]
[pv3d.org/2009/02/18/index.html]
[pv3d.org/2009/02/19/index.html]
[pv3d.org/2009/02/20/index.html]
[pv3d.org/2009/02/23/index.html]
[pv3d.org/2009/02/24/index.html]
[pv3d.org/2009/02/25/index.html]
[pv3d.org/2009/02/26/index.html]
[pv3d.org/2009/02/27/index.html]
[pv3d.org/2009/02/28/index.html]
[pv3d.org/tag/intermediate/index.html]
[pv3d.org/2009/01/page/2/index.html]
[pv3d.org/tag/design-patterns/page/2/index.html]
[pv3d.org/2009/01/02/index.html]
[pv3d.org/2009/01/03/index.html]
[pv3d.org/2009/01/05/index.html]
[pv3d.org/2009/01/06/index.html]
[pv3d.org/2009/01/07/index.html]
[pv3d.org/2009/01/08/index.html]
[pv3d.org/2009/01/11/index.html]
[pv3d.org/2009/01/13/index.html]
[pv3d.org/2009/01/14/index.html]
[pv3d.org/2009/01/15/index.html]
[pv3d.org/2009/01/19/index.html]
[pv3d.org/2009/01/21/index.html]
[pv3d.org/2009/01/23/index.html]
[pv3d.org/2009/01/28/index.html]
[pv3d.org/2009/01/30/index.html]
[pv3d.org/2009/01/31/index.html]
[pv3d.org/tag/flint/index.html]
[pv3d.org/2009/02/page/3/index.html]
[pv3d.org/tag/fun/index.html]
[pv3d.org/2009/01/page/3/index.html]
[pv3d.org/tag/vectorvision/index.html]
[pv3d.org/tag/flint/page/2/index.html]
[pv3d.org/2008/12/page/2/index.html]
[pv3d.org/tag/rotation/index.html]
[pv3d.org/tag/fun/page/2/index.html]
[pv3d.org/2008/11/page/2/index.html]
[pv3d.org/2008/11/07/index.html]
[pv3d.org/2008/11/08/index.html]
[pv3d.org/2008/11/17/index.html]
[pv3d.org/2008/11/18/index.html]
[pv3d.org/2008/12/page/3/index.html]
[pv3d.org/2008/11/19/index.html]
[pv3d.org/tag/rotation/page/2/index.html]
[pv3d.org/2008/11/20/index.html]
[pv3d.org/2008/11/21/index.html]
[pv3d.org/2008/11/24/index.html]
[pv3d.org/2008/11/25/index.html]
[pv3d.org/2008/11/26/index.html]
[pv3d.org/2008/11/27/index.html]
[pv3d.org/2008/11/29/index.html]
[pv3d.org/2008/11/page/3/index.html]
[pv3d.org/2008/11/18/page/2/index.html]
[pv3d.org/2008/11/30/index.html]
[cdn.tynt.com/tc.js]
[pv3d.org/amung.us/map.html]
[pv3d.org/applewebkit/index.html]
[pv3d.org/indexf4d1.html]
[pv3d.org/fdt-theme-designer/feed/index.html]
[pv3d.org/index0ced.html]
[pv3d.org/index5195.html]
[pv3d.org/index2023.html]
[pv3d.org/indexc3ba.html]
[pv3d.org/index601c.html]
[pv3d.org/indexb0f8.html]
[pv3d.org/indexf763.html]
[pv3d.org/index5024.html]
[pv3d.org/indexb022.html]
[pv3d.org/index8372.html]
[pv3d.org/index84df.html]
[pv3d.org/index3a3f.html]
[pv3d.org/index0d79.html]
[pv3d.org/indexde52.html]
[pv3d.org/index6c15.html]
[pv3d.org/indexc508.html]
[pv3d.org/indexf705.html]
[pv3d.org/index5442.html]
[pv3d.org/index9d87.html]
[pv3d.org/index24eb.html]
[pv3d.org/index802e.html]
[pv3d.org/tag/off-topic/index.html]
[pv3d.org/index12d0.html]
[pv3d.org/indexd06c.html]
[pv3d.org/index834e.html]
[pv3d.org/tag/forum/index.html]
[pv3d.org/2008/11/19/page/2/index.html]
[pv3d.org/index8ee7.html]
[pv3d.org/index4ef8.html]
[pv3d.org/tag/jiglibflash/index.html]
[pv3d.org/2008/11/29/page/2/index.html]
[pv3d.org/indexb773.html]
[pv3d.org/indexd5db.html]
[pv3d.org/indexe4c6.html]
[pv3d.org/index28c5.html]
[pv3d.org/tag/download/index.html]
[pv3d.org/index8af0.html]
[pv3d.org/index42dc.html]
[pv3d.org/tag/blog/index.html]
[pv3d.org/indexc9fb.html]
[pv3d.org/indexb753.html]
[pv3d.org/tag/as3dmod/index.html]
[pv3d.org/index4db6.html]
[pv3d.org/indexaa4f.html]
[pv3d.org/indexfa8d.html]
[pv3d.org/indexcfab.html]
[pv3d.org/indexf652.html]
[pv3d.org/index45ff.html]
[pv3d.org/tag/uv/index.html]
[pv3d.org/indexcc08.html]
[pv3d.org/index3dea.html]
[pv3d.org/tag/cube/index.html]
[pv3d.org/tag/pixel-perfect/index.html]
[pv3d.org/tag/as3dmod/page/2/index.html]
[pv3d.org/tag/slice/index.html]
[pv3d.org/index321c.html]
[pv3d.org/index9b9e.html]
[pv3d.org/indexa862.html]
[pv3d.org/index28bc.html]
[pv3d.org/index9982.html]
[pv3d.org/indexfaa1.html]
[pv3d.org/index2c5f.html]
[pv3d.org/indexc1f6.html]
[pv3d.org/tag/particles/index.html]
[pv3d.org/index27ac.html]
[pv3d.org/tag/flashlcs/index.html]
[pv3d.org/index1263.html]
[pv3d.org/index8eaf.html]
[pv3d.org/index4efb.html]
[pv3d.org/indexfef8.html]
[pv3d.org/index9d24.html]
[pv3d.org/indexa9ab.html]
[pv3d.org/index60bd.html]
[pv3d.org/tag/flight/index.html]
[pv3d.org/index264a.html]
[pv3d.org/tag/ribbons/index.html]
[pv3d.org/index9222.html]
[pv3d.org/index55d4.html]
[pv3d.org/tag/bitmapviewport/index.html]
[pv3d.org/index18ee.html]
[pv3d.org/index481e.html]
[pv3d.org/tag/moviematerial/index.html]
[pv3d.org/index76f0.html]
[pv3d.org/indexf5a4.html]
[pv3d.org/index80a3.html]
[pv3d.org/tag/viewportlayer/index.html]
[pv3d.org/index5355.html]
[pv3d.org/indexf175.html]
[pv3d.org/index3cee.html]
[pv3d.org/index1031.html]
[pv3d.org/index8844.html]
[pv3d.org/indexf454.html]
[pv3d.org/indexf167.html]
[pv3d.org/indexdd01.html]
[pv3d.org/tag/mouse/index.html]
[pv3d.org/index8a7d.html]
[pv3d.org/tag/lookat/index.html]
[pv3d.org/indexba86.html]
[pv3d.org/index2af5.html]
[pv3d.org/index44be.html]
[pv3d.org/indexd251.html]
[pv3d.org/index0776.html]
[pv3d.org/tag/reflection/index.html]
[pv3d.org/index67bc.html]
[pv3d.org/index3786.html]
[pv3d.org/index7d69.html]
[pv3d.org/tag/pixel3d/index.html]
[pv3d.org/tag/mouse/page/2/index.html]
[pv3d.org/index8e1b.html]
[pv3d.org/tag/bend/index.html]
[pv3d.org/index0c93.html]
[pv3d.org/index5ed0.html]
[pv3d.org/indexc807.html]
[pv3d.org/index1639.html]
[pv3d.org/index8a71.html]
[pv3d.org/index9873.html]
[pv3d.org/index4580.html]
[pv3d.org/index8c34.html]
[pv3d.org/indexc902.html]
[pv3d.org/indexf3dd.html]
[pv3d.org/index0eba.html]
[pv3d.org/tag/multiple-viewports/index.html]
[pv3d.org/index5721.html]
[pv3d.org/tag/light/index.html]
[pv3d.org/tag/plane3d/index.html]
[pv3d.org/indexf45e.html]
[pv3d.org/index261b.html]
[pv3d.org/tag/mask/index.html]
[pv3d.org/tag/viewport/index.html]
[pv3d.org/indexb998.html]
[pv3d.disqus.com/disqus19da.js]
[pv3d.org/2008/12/06/embedding-a-collada-file/index.html]
[pv3d.disqus.com/disquse982.js]
[pv3d.org/2008/12/06/papervision3d-sound-spectrum/index.html]
[pv3d.org/2008/12/06/embedding-a-collada-file/feed/index.html]
[pv3d.org/2008/12/06/papervision3d-sound-spectrum/feed/index.html]
[pv3d.disqus.com/disqus6099.js]
[pv3d.org/2008/12/04/tweening-vertices/index.html]
[pv3d.disqus.com/disqusf481.js]
[pv3d.org/2008/12/04/neat-camera-and-arrows-thingy/index.html]
[pv3d.org/2008/12/04/tweening-vertices/feed/index.html]
[pv3d.org/2008/12/04/neat-camera-and-arrows-thingy/feed/index.html]
[pv3d.org/indexe539.html]
[pv3d.org/tag/pivot-point/index.html]
[pv3d.org/index8bc8.html]
[pv3d.org/index2fa7.html]
[pv3d.disqus.com/disqus4cbd.js]
[pv3d.org/2008/12/01/carousel-with-proper-rotation-and-reflection/index.html]
[pv3d.disqus.com/disqusb2b8.js]
[pv3d.org/2008/11/29/free-rotation-using-quaternions/index.html]
[pv3d.org/2008/12/01/carousel-with-proper-rotation-and-reflection/feed/index.html]
[pv3d.org/2008/11/29/free-rotation-using-quaternions/feed/index.html]
[pv3d.org/index2c90.html]
[pv3d.org/index5a24.html]
[pv3d.org/tag/ray/index.html]
[pv3d.org/index36d4.html]
[pv3d.org/indexeffd.html]
[pv3d.org/index648c.html]
[pv3d.org/index04cd.html]
[pv3d.org/tag/line/index.html]
[pv3d.org/indexae74.html]
[pv3d.org/index8054.html]
[pv3d.org/index5fb3.html]
[pv3d.org/tag/sorting/index.html]
[pv3d.org/index8cf7.html]
[pv3d.org/index4170.html]
[pv3d.org/indexcbb6.html]
[pv3d.org/indexba52.html]
[pv3d.org/tag/addchild/index.html]
[pv3d.org/tag/removechild/index.html]
[pv3d.org/tag/line/page/2/index.html]
[pv3d.org/index4837.html]
[pv3d.org/tag/orbit/index.html]
[pv3d.org/index5c90.html]
[pv3d.org/tag/hand-cursor/index.html]
[pv3d.org/index6c46.html]
[pv3d.org/tag/vector/index.html]
[pv3d.org/index970c.html]
[pv3d.org/index40a0.html]
[pv3d.org/index0735.html]
[pv3d.org/tag/2d/index.html]
[pv3d.org/tag/coordinates/index.html]
[pv3d.org/index2dc4.html]
[pv3d.org/index64b4.html]
[pv3d.org/tag/copytransform/index.html]
[pv3d.org/tag/follow/index.html]
[pv3d.org/tag/trail/index.html]
[pv3d.org/indexb702.html]
[pv3d.org/indexa180.html]
[pv3d.org/index8902.html]
[pv3d.org/index45c8.html]
[pv3d.org/index287b.html]
[pv3d.org/indexc885.html]
[pv3d.org/tag/animation/index.html]
[pv3d.org/index50ba.html]
[pv3d.org/index9469.html]
[pv3d.org/index4ab3.html]
[pv3d.org/indexd78c.html]
[pv3d.org/index3961.html]
[pv3d.org/indexea0f.html]
[pv3d.org/tag/filter/index.html]
[pv3d.org/indexe9b4.html]
[pv3d.org/index1c4a.html]
[pv3d.org/indexe703.html]
[pv3d.org/indexa42a.html]
[pv3d.org/tag/interactivescene3devent/index.html]
[pv3d.org/tag/mouse3d/index.html]
[pv3d.org/indexcfe8.html]
[pv3d.org/index9c2b.html]
[pv3d.org/tag/3ds-max/index.html]
[pv3d.org/category/announcements/page/3/index.html]
[pv3d.org/tag/tweenmax/feed/index.html]
[pv3d.org/tag/tweenmax/page/2/index.html]
[pv3d.org/tag/collada/feed/index.html]
[pv3d.org/tag/dae/feed/index.html]
[pv3d.org/tag/dae/page/2/index.html]
[pv3d.org/tag/morphcontroller/feed/index.html]
[pv3d.org/category/examples/page/3/index.html]
[pv3d.org/category/announcements/page/4/index.html]
[pv3d.org/category/actionscript-3/page/3/index.html]
[pv3d.org/category/tutorials/page/3/index.html]
[pv3d.org/category/examples/page/4/index.html]
[pv3d.org/category/videos/page/3/index.html]
[pv3d.org/tag/tweenmax/page/3/index.html]
[pv3d.org/page/4/index.html]
[pv3d.org/category/actionscript-3/page/4/index.html]
[pv3d.org/category/tutorials/page/4/index.html]
[pv3d.org/2009/12/08/back-in-the-saddle/feed/index.html]
[pv3d.org/category/videos/page/4/index.html]
[pv3d.org/indexf425.html]
[pv3d.org/page/5/index.html]
[pv3d.org/2009/11/21/eclipse-theme-designer-preview/feed/index.html]
[pv3d.org/indexd4f5.html]
[pv3d.org/2009/07/01/page/2/index.html]
[pv3d.org/tag/box2dflash/feed/index.html]
[pv3d.org/tag/box2dflash/page/2/index.html]
[pv3d.org/tag/physics/feed/index.html]
[pv3d.org/tag/physics/page/2/index.html]
[pv3d.org/tag/sound/index.html]
[pv3d.org/tag/flartoolkit/feed/index.html]
[pv3d.org/tag/augmented-reality/feed/index.html]
[pv3d.org/tag/camera/feed/index.html]
[pv3d.org/tag/camera/page/2/index.html]
[pv3d.org/tag/culling/feed/index.html]
[pv3d.org/tag/maya/feed/index.html]
[pv3d.org/tag/texture-baking/feed/index.html]
[pv3d.org/tag/flex/feed/index.html]
[pv3d.org/tag/flex/page/2/index.html]
[pv3d.org/tag/state/feed/index.html]
[pv3d.org/tag/quaternion/feed/index.html]
[pv3d.org/tag/quaternion/page/2/index.html]
[pv3d.org/tag/slerp/feed/index.html]
[dl.getdropbox.com/u/132579/sites/pv3d.org/howitworks/QuaternionExplorer.png]
[pv3d.org/tag/triangle3d/feed/index.html]
[pv3d.org/tag/trianglemesh3d/feed/index.html]
[pv3d.org/tag/vertex3d/feed/index.html]
[pv3d.org/tag/basics/feed/index.html]
[pv3d.org/tag/basics/page/2/index.html]
[pv3d.org/tag/data-structures/feed/index.html]
[pv3d.org/tag/interactive/feed/index.html]
[pv3d.org/tag/interactive/page/2/index.html]
[pv3d.org/tag/drag/feed/index.html]
[pv3d.org/tag/drag/page/2/index.html]
[pv3d.org/tag/material/feed/index.html]
[pv3d.org/tag/material/page/2/index.html]
[pv3d.org/tag/basics/page/3/index.html]
[pv3d.org/tag/shader/feed/index.html]
[pv3d.org/tag/interactive/page/3/index.html]
[pv3d.org/category/requests/page/3/index.html]
[pv3d.org/tag/mxml/feed/index.html]
[pv3d.org/tag/math/feed/index.html]
[pv3d.org/tag/math/page/2/index.html]
[pv3d.org/category/snippets/page/3/index.html]
[pv3d.org/2009/07/page/3/index.html]
[pv3d.org/tag/matrix/feed/index.html]
[pv3d.org/tag/degrafa/feed/index.html]
[pv3d.org/tag/scrollbar/feed/index.html]
[pv3d.org/2009/04/page/3/index.html]
[pv3d.org/2009/03/page/3/index.html]
[pv3d.org/tag/text-layout-framework/feed/index.html]
[pv3d.org/tag/design-patterns/feed/index.html]
[pv3d.org/tag/design-patterns/page/2/index.html]
[pv3d.org/2009/02/page/3/index.html]
[pv3d.org/tag/material/page/3/index.html]
[pv3d.org/tag/intermediate/feed/index.html]
[pv3d.org/2009/01/page/3/index.html]
[pv3d.org/2009/03/page/4/index.html]
[pv3d.org/tag/flint/feed/index.html]
[pv3d.org/tag/flint/page/2/index.html]
[pv3d.org/tag/fun/feed/index.html]
[pv3d.org/category/requests/page/4/index.html]
[pv3d.org/tag/fun/page/2/index.html]
[pv3d.org/tag/vectorvision/feed/index.html]
[pv3d.org/2008/12/page/3/index.html]
[pv3d.org/tag/rotation/feed/index.html]
[pv3d.org/tag/rotation/page/2/index.html]
[pv3d.org/2008/11/page/3/index.html]
[pv3d.org/2009/02/page/4/index.html]
[pv3d.org/2008/11/18/page/2/index.html]
[pv3d.org/2008/11/19/page/2/index.html]
[pv3d.org/2008/11/29/page/2/index.html]
[pv3d.org/tag/off-topic/feed/index.html]
[pv3d.org/tag/forum/feed/index.html]
[pv3d.org/tag/jiglibflash/feed/index.html]
[pv3d.org/tag/download/feed/index.html]
[pv3d.org/tag/blog/feed/index.html]
[pv3d.org/tag/as3dmod/feed/index.html]
[pv3d.org/tag/as3dmod/page/2/index.html]
[pv3d.org/tag/uv/feed/index.html]
[pv3d.org/tag/cube/feed/index.html]
[pv3d.org/tag/pixel-perfect/feed/index.html]
[pv3d.org/tag/slice/feed/index.html]
[pv3d.org/tag/particles/feed/index.html]
[pv3d.org/tag/flashlcs/feed/index.html]
[pv3d.org/tag/flight/feed/index.html]
[pv3d.org/tag/ribbons/feed/index.html]
[pv3d.org/tag/bitmapviewport/feed/index.html]
[pv3d.org/tag/moviematerial/feed/index.html]
[pv3d.org/tag/viewportlayer/feed/index.html]
[pv3d.org/tag/mouse/feed/index.html]
[pv3d.org/tag/mouse/page/2/index.html]
[pv3d.org/tag/lookat/feed/index.html]
[pv3d.org/tag/reflection/feed/index.html]
[pv3d.org/tag/pixel3d/feed/index.html]
[pv3d.org/tag/bend/feed/index.html]
[pv3d.org/tag/multiple-viewports/feed/index.html]
[pv3d.org/tag/light/feed/index.html]
[pv3d.org/tag/plane3d/feed/index.html]
[pv3d.org/tag/mask/feed/index.html]
[pv3d.org/tag/viewport/feed/index.html]
[pv3d.org/indexe8f5.html]
[pv3d.org/indexb7c7.html]
[pv3d.org/index17d5.html]
[pv3d.org/index4034.html]
[pv3d.org/tag/pivot-point/feed/index.html]
[pv3d.org/index1a26.html]
[pv3d.org/indexd4a6.html]
[pv3d.org/tag/ray/feed/index.html]
[pv3d.org/tag/line/feed/index.html]
[pv3d.org/tag/line/page/2/index.html]
[pv3d.org/tag/sorting/feed/index.html]
[pv3d.org/tag/addchild/feed/index.html]
[pv3d.org/tag/removechild/feed/index.html]
[pv3d.org/tag/orbit/feed/index.html]
[pv3d.org/tag/hand-cursor/feed/index.html]
[pv3d.org/tag/vector/feed/index.html]
[pv3d.org/tag/2d/feed/index.html]
[pv3d.org/tag/coordinates/feed/index.html]
[pv3d.org/tag/copytransform/feed/index.html]
[pv3d.org/tag/follow/feed/index.html]
[pv3d.org/tag/trail/feed/index.html]
[pv3d.org/tag/animation/feed/index.html]
[pv3d.org/tag/filter/feed/index.html]
[pv3d.org/tag/interactivescene3devent/feed/index.html]
[pv3d.org/tag/mouse3d/feed/index.html]
[pv3d.org/tag/3ds-max/feed/index.html]
[pv3d.org/category/announcements/page/4/index.html]
[pv3d.org/2009/01/page/4/index.html]
[pv3d.org/tag/tweenmax/page/3/index.html]
[pv3d.org/2008/11/page/4/index.html]
[pv3d.org/category/examples/page/4/index.html]
[pv3d.org/2008/12/page/4/index.html]
[pv3d.org/tag/tweenmax/page/4/index.html]
[pv3d.org/category/announcements/page/5/index.html]
[pv3d.org/category/actionscript-3/page/4/index.html]
[pv3d.org/category/tutorials/page/4/index.html]
[pv3d.org/category/videos/page/4/index.html]
[pv3d.org/page/5/index.html]
[pv3d.org/tag/sound/feed/index.html]
[pv3d.org/tag/basics/page/3/index.html]
[pv3d.org/tag/interactive/page/3/index.html]
[pv3d.org/category/examples/page/5/index.html]
[pv3d.org/tag/material/page/3/index.html]
[pv3d.org/category/tutorials/page/5/index.html]
[pv3d.org/category/requests/page/4/index.html]
[pv3d.org/2009/03/page/4/index.html]
[pv3d.org/page/6/index.html]
[pv3d.org/tag/interactive/page/4/index.html]
[pv3d.org/2009/02/page/4/index.html]
[pv3d.org/2009/01/page/4/index.html]
[pv3d.org/2008/12/page/4/index.html]
[pv3d.org/2008/11/page/4/index.html]
[pv3d.org/tag/material/page/4/index.html]
[pv3d.org/category/announcements/page/5/index.html]
[pv3d.org/2009/01/page/5/index.html]
[pv3d.org/2008/12/page/5/index.html]
[pv3d.org/tag/tweenmax/page/4/index.html]
[pv3d.org/category/examples/page/5/index.html]
[pv3d.org/category/tutorials/page/5/index.html]
[pv3d.org/page/6/index.html]
[pv3d.org/category/announcements/page/6/index.html]
[pv3d.org/2008/11/page/5/index.html]
[pv3d.org/tag/interactive/page/4/index.html]
[pv3d.org/tag/material/page/4/index.html]
[pv3d.org/2009/01/page/5/index.html]
[pv3d.org/2008/12/page/5/index.html]
[pv3d.org/2008/11/page/5/index.html]
[pv3d.org/category/examples/page/6/index.html]
[pv3d.org/page/7/index.html]
[pv3d.org/category/announcements/page/6/index.html]
[pv3d.org/category/examples/page/6/index.html]
[pv3d.org/2008/12/page/6/index.html]
[pv3d.org/page/7/index.html]
[pv3d.org/2008/11/page/6/index.html]
[pv3d.org/category/announcements/page/7/index.html]
[pv3d.org/category/examples/page/7/index.html]
[pv3d.org/2008/12/page/6/index.html]
[pv3d.org/2008/11/page/6/index.html]
[pv3d.org/page/8/index.html]
[pv3d.org/category/announcements/page/7/index.html]
[pv3d.org/category/examples/page/7/index.html]
[pv3d.org/2008/12/page/7/index.html]
[pv3d.org/page/8/index.html]
[pv3d.org/category/announcements/page/8/index.html]
[pv3d.org/2008/12/page/7/index.html]
[pv3d.org/2008/11/page/7/index.html]
[pv3d.org/2008/11/page/7/index.html]
[pv3d.org/category/examples/page/8/index.html]
[pv3d.org/category/announcements/page/8/index.html]
[pv3d.org/category/examples/page/8/index.html]
[pv3d.org/page/9/index.html]
[pv3d.org/page/9/index.html]
[pv3d.org/2008/12/page/8/index.html]
[pv3d.org/2008/12/page/8/index.html]
[pv3d.org/2008/11/page/8/index.html]
[pv3d.org/2008/11/page/8/index.html]
[pv3d.org/category/examples/page/9/index.html]
[pv3d.org/category/examples/page/9/index.html]
[pv3d.org/page/10/index.html]
[pv3d.org/page/10/index.html]
[pv3d.org/2008/12/page/9/index.html]
[pv3d.org/2008/12/page/9/index.html]
[pv3d.org/page/11/index.html]
[pv3d.org/category/examples/page/10/index.html]
[pv3d.org/2008/12/page/10/index.html]
[pv3d.org/category/examples/page/10/index.html]
[pv3d.org/page/11/index.html]
[pv3d.org/2008/12/page/10/index.html]
[pv3d.org/category/examples/page/11/index.html]
[pv3d.org/category/examples/page/11/index.html]
[pv3d.org/page/12/index.html]
[pv3d.org/page/12/index.html]
[pv3d.org/2008/12/page/11/index.html]
[pv3d.org/2008/12/page/11/index.html]
[pv3d.org/category/examples/page/12/index.html]
[pv3d.org/category/examples/page/12/index.html]
[pv3d.org/page/13/index.html]
[pv3d.org/page/13/index.html]
[pv3d.org/category/examples/page/13/index.html]
[pv3d.org/category/examples/page/13/index.html]
[pv3d.org/page/14/index.html]
[pv3d.org/page/14/index.html]
[pv3d.org/category/examples/page/14/index.html]
[pv3d.org/category/examples/page/14/index.html]
[pv3d.org/page/15/index.html]
[pv3d.org/page/15/index.html]
[pv3d.org/category/examples/page/15/index.html]
[pv3d.org/page/16/index.html]
[pv3d.org/category/examples/page/15/index.html]
[pv3d.org/page/16/index.html]
[pv3d.org/page/17/index.html]
[pv3d.org/category/examples/page/16/index.html]
[pv3d.org/category/examples/page/16/index.html]
[pv3d.org/page/17/index.html]
[pv3d.org/page/18/index.html]
[pv3d.org/category/examples/page/17/index.html]
[pv3d.org/category/examples/page/17/index.html]
[pv3d.org/page/18/index.html]
[pv3d.org/page/19/index.html]
[pv3d.org/category/examples/page/18/index.html]
[pv3d.org/category/examples/page/18/index.html]
[pv3d.org/page/19/index.html]
[pv3d.org/category/examples/page/19/index.html]
[pv3d.org/category/examples/page/19/index.html]
[pv3d.org/page/20/index.html]
[pv3d.org/page/20/index.html]
[pv3d.org/category/examples/page/20/index.html]
[pv3d.org/category/examples/page/20/index.html]
[pv3d.org/page/21/index.html]
[pv3d.org/page/21/index.html]
[pv3d.org/category/examples/page/21/index.html]
[pv3d.org/category/examples/page/21/index.html]
[pv3d.org/page/22/index.html]
[pv3d.org/page/22/index.html]
[pv3d.org/category/examples/page/22/index.html]
[pv3d.org/category/examples/page/22/index.html]
[pv3d.org/page/23/index.html]
[pv3d.org/page/23/index.html]
[pv3d.org/category/examples/page/23/index.html]
[pv3d.org/category/examples/page/23/index.html]
[pv3d.org/page/24/index.html]
[pv3d.org/page/24/index.html]
[pv3d.org/category/examples/page/24/index.html]
[pv3d.org/category/examples/page/24/index.html]
[pv3d.org/page/25/index.html]
[pv3d.org/page/25/index.html]
[pv3d.org/category/examples/page/25/index.html]
[pv3d.org/category/examples/page/25/index.html]
[pv3d.org/page/26/index.html]
[pv3d.org/page/26/index.html]
[pv3d.org/category/examples/page/26/index.html]
[pv3d.org/category/examples/page/26/index.html]
[pv3d.org/page/27/index.html]
[pv3d.org/page/27/index.html]
[pv3d.org/category/examples/page/27/index.html]
[pv3d.org/category/examples/page/27/index.html]
[pv3d.org/page/28/index.html]
[pv3d.org/page/28/index.html]
[pv3d.org/page/29/index.html]
[pv3d.org/page/29/index.html]
[pv3d.org/page/30/index.html]
[pv3d.org/page/30/index.html]
[pv3d.org/page/31/index.html]
[pv3d.org/page/31/index.html]
[pv3d.org/page/32/index.html]
[pv3d.org/page/32/index.html]
[pv3d.org/page/33/index.html]
[pv3d.org/page/33/index.html]
[pv3d.org/page/34/index.html]
[pv3d.org/page/34/index.html]
[pv3d.org/page/35/index.html]
[pv3d.org/page/35/index.html]
[pv3d.org/page/36/index.html]
[pv3d.org/page/36/index.html]
[pv3d.org/page/37/index.html]
[pv3d.org/page/37/index.html]
[pv3d.org/page/38/index.html]
[pv3d.org/page/38/index.html]
[pv3d.org/page/39/index.html]
[pv3d.org/page/39/index.html]
[pv3d.org/page/40/index.html]
[pv3d.org/page/40/index.html]
[pv3d.org/page/41/index.html]
[pv3d.org/page/41/index.html]
[pv3d.org/page/42/index.html]
[pv3d.org/page/42/index.html]
[pv3d.org/page/43/index.html]
[pv3d.org/page/43/index.html]
